[0.015s][info][gc] Using G1
[0.020s][info][gc,init] Version: 17.0.4+8 (release)
[0.020s][info][gc,init] CPUs: 8 total, 8 available
[0.020s][info][gc,init] Memory: 32648M
[0.020s][info][gc,init] Large Page Support: Disabled
[0.020s][info][gc,init] NUMA Support: Disabled
[0.020s][info][gc,init] Compressed Oops: Enabled (Zero based)
[0.020s][info][gc,init] Heap Region Size: 4M
[0.020s][info][gc,init] Heap Min Capacity: 8M
[0.020s][info][gc,init] Heap Initial Capacity: 512M
[0.020s][info][gc,init] Heap Max Capacity: 8164M
[0.020s][info][gc,init] Pre-touch: Disabled
[0.020s][info][gc,init] Parallel Workers: 8
[0.021s][info][gc,init] Concurrent Workers: 2
[0.021s][info][gc,init] Concurrent Refinement Workers: 8
[0.021s][info][gc,init] Periodic GC: Disabled
[0.022s][info][gc,metaspace] CDS archive(s) mapped at: [0x0000000800000000-0x0000000800bc0000-0x0000000800bc0000), size 12320768, SharedBaseAddress: 0x0000000800000000, ArchiveRelocationMode: 0.
[0.022s][info][gc,metaspace] Compressed class space mapped at: 0x0000000800c00000-0x0000000840c00000, reserved size: 1073741824
[0.022s][info][gc,metaspace] Narrow klass base: 0x0000000800000000, Narrow klass shift: 0, Narrow klass range: 0x100000000
[0.815s][info][gc,start    ] GC(0) Pause Young (Normal) (G1 Evacuation Pause)
[0.815s][info][gc,task     ] GC(0) Using 8 workers of 8 for evacuation
[0.821s][info][gc,phases   ] GC(0)   Pre Evacuate Collection Set: 0.0ms
[0.821s][info][gc,phases   ] GC(0)   Merge Heap Roots: 0.2ms
[0.821s][info][gc,phases   ] GC(0)   Evacuate Collection Set: 4.5ms
[0.821s][info][gc,phases   ] GC(0)   Post Evacuate Collection Set: 0.5ms
[0.821s][info][gc,phases   ] GC(0)   Other: 0.8ms
[0.821s][info][gc,heap     ] GC(0) Eden regions: 6->0(5)
[0.821s][info][gc,heap     ] GC(0) Survivor regions: 0->1(1)
[0.821s][info][gc,heap     ] GC(0) Old regions: 0->2
[0.821s][info][gc,heap     ] GC(0) Archive regions: 0->0
[0.821s][info][gc,heap     ] GC(0) Humongous regions: 0->0
[0.821s][info][gc,metaspace] GC(0) Metaspace: 7344K(7488K)->7344K(7488K) NonClass: 6556K(6656K)->6556K(6656K) Class: 788K(832K)->788K(832K)
[0.821s][info][gc          ] GC(0) Pause Young (Normal) (G1 Evacuation Pause) 23M->10M(512M) 6.416ms
[0.821s][info][gc,cpu      ] GC(0) User=0.09s Sys=0.03s Real=0.01s
[0.933s][info][gc,start    ] GC(1) Pause Young (Normal) (G1 Evacuation Pause)
[0.933s][info][gc,task     ] GC(1) Using 8 workers of 8 for evacuation
[0.936s][info][gc,phases   ] GC(1)   Pre Evacuate Collection Set: 0.1ms
[0.936s][info][gc,phases   ] GC(1)   Merge Heap Roots: 0.1ms
[0.936s][info][gc,phases   ] GC(1)   Evacuate Collection Set: 2.3ms
[0.936s][info][gc,phases   ] GC(1)   Post Evacuate Collection Set: 0.4ms
[0.937s][info][gc,phases   ] GC(1)   Other: 0.2ms
[0.937s][info][gc,heap     ] GC(1) Eden regions: 5->0(12)
[0.937s][info][gc,heap     ] GC(1) Survivor regions: 1->1(1)
[0.937s][info][gc,heap     ] GC(1) Old regions: 2->3
[0.937s][info][gc,heap     ] GC(1) Archive regions: 0->0
[0.937s][info][gc,heap     ] GC(1) Humongous regions: 0->0
[0.937s][info][gc,metaspace] GC(1) Metaspace: 7991K(8192K)->7991K(8192K) NonClass: 7121K(7232K)->7121K(7232K) Class: 869K(960K)->869K(960K)
[0.937s][info][gc          ] GC(1) Pause Young (Normal) (G1 Evacuation Pause) 30M->11M(512M) 3.402ms
[0.937s][info][gc,cpu      ] GC(1) User=0.00s Sys=0.00s Real=0.00s
[1.017s][info][gc,start    ] GC(2) Pause Young (Normal) (G1 Evacuation Pause)
[1.017s][info][gc,task     ] GC(2) Using 8 workers of 8 for evacuation
[1.018s][info][gc,phases   ] GC(2)   Pre Evacuate Collection Set: 0.1ms
[1.018s][info][gc,phases   ] GC(2)   Merge Heap Roots: 0.0ms
[1.018s][info][gc,phases   ] GC(2)   Evacuate Collection Set: 0.4ms
[1.018s][info][gc,phases   ] GC(2)   Post Evacuate Collection Set: 0.3ms
[1.018s][info][gc,phases   ] GC(2)   Other: 0.2ms
[1.018s][info][gc,heap     ] GC(2) Eden regions: 12->0(75)
[1.018s][info][gc,heap     ] GC(2) Survivor regions: 1->1(2)
[1.018s][info][gc,heap     ] GC(2) Old regions: 3->3
[1.018s][info][gc,heap     ] GC(2) Archive regions: 0->0
[1.018s][info][gc,heap     ] GC(2) Humongous regions: 0->0
[1.018s][info][gc,metaspace] GC(2) Metaspace: 8096K(8320K)->8096K(8320K) NonClass: 7214K(7360K)->7214K(7360K) Class: 881K(960K)->881K(960K)
[1.018s][info][gc          ] GC(2) Pause Young (Normal) (G1 Evacuation Pause) 59M->11M(512M) 1.358ms
[1.018s][info][gc,cpu      ] GC(2) User=0.00s Sys=0.00s Real=0.00s
[1.528s][info][gc,start    ] GC(3) Pause Young (Normal) (G1 Evacuation Pause)
[1.529s][info][gc,task     ] GC(3) Using 8 workers of 8 for evacuation
[1.530s][info][gc,phases   ] GC(3)   Pre Evacuate Collection Set: 0.2ms
[1.530s][info][gc,phases   ] GC(3)   Merge Heap Roots: 0.2ms
[1.530s][info][gc,phases   ] GC(3)   Evacuate Collection Set: 0.5ms
[1.530s][info][gc,phases   ] GC(3)   Post Evacuate Collection Set: 0.6ms
[1.530s][info][gc,phases   ] GC(3)   Other: 0.2ms
[1.530s][info][gc,heap     ] GC(3) Eden regions: 75->0(75)
[1.530s][info][gc,heap     ] GC(3) Survivor regions: 1->1(10)
[1.530s][info][gc,heap     ] GC(3) Old regions: 3->3
[1.530s][info][gc,heap     ] GC(3) Archive regions: 0->0
[1.530s][info][gc,heap     ] GC(3) Humongous regions: 0->0
[1.530s][info][gc,metaspace] GC(3) Metaspace: 8121K(8320K)->8121K(8320K) NonClass: 7238K(7360K)->7238K(7360K) Class: 883K(960K)->883K(960K)
[1.530s][info][gc          ] GC(3) Pause Young (Normal) (G1 Evacuation Pause) 311M->11M(512M) 1.820ms
[1.530s][info][gc,cpu      ] GC(3) User=0.00s Sys=0.00s Real=0.00s
[1.896s][info][gc,start    ] GC(4) Pause Young (Normal) (G1 Evacuation Pause)
[1.896s][info][gc,task     ] GC(4) Using 8 workers of 8 for evacuation
[1.897s][info][gc,phases   ] GC(4)   Pre Evacuate Collection Set: 0.1ms
[1.897s][info][gc,phases   ] GC(4)   Merge Heap Roots: 0.2ms
[1.897s][info][gc,phases   ] GC(4)   Evacuate Collection Set: 0.4ms
[1.897s][info][gc,phases   ] GC(4)   Post Evacuate Collection Set: 0.7ms
[1.897s][info][gc,phases   ] GC(4)   Other: 0.1ms
[1.897s][info][gc,heap     ] GC(4) Eden regions: 75->0(75)
[1.897s][info][gc,heap     ] GC(4) Survivor regions: 1->1(10)
[1.897s][info][gc,heap     ] GC(4) Old regions: 3->3
[1.897s][info][gc,heap     ] GC(4) Archive regions: 0->0
[1.897s][info][gc,heap     ] GC(4) Humongous regions: 0->0
[1.897s][info][gc,metaspace] GC(4) Metaspace: 8133K(8320K)->8133K(8320K) NonClass: 7249K(7360K)->7249K(7360K) Class: 883K(960K)->883K(960K)
[1.897s][info][gc          ] GC(4) Pause Young (Normal) (G1 Evacuation Pause) 311M->11M(512M) 1.814ms
[1.897s][info][gc,cpu      ] GC(4) User=0.00s Sys=0.00s Real=0.00s
[2.250s][info][gc,start    ] GC(5) Pause Young (Normal) (G1 Evacuation Pause)
[2.250s][info][gc,task     ] GC(5) Using 8 workers of 8 for evacuation
[2.252s][info][gc,phases   ] GC(5)   Pre Evacuate Collection Set: 0.2ms
[2.252s][info][gc,phases   ] GC(5)   Merge Heap Roots: 0.2ms
[2.252s][info][gc,phases   ] GC(5)   Evacuate Collection Set: 0.4ms
[2.252s][info][gc,phases   ] GC(5)   Post Evacuate Collection Set: 0.7ms
[2.252s][info][gc,phases   ] GC(5)   Other: 0.1ms
[2.252s][info][gc,heap     ] GC(5) Eden regions: 75->0(75)
[2.252s][info][gc,heap     ] GC(5) Survivor regions: 1->1(10)
[2.252s][info][gc,heap     ] GC(5) Old regions: 3->3
[2.252s][info][gc,heap     ] GC(5) Archive regions: 0->0
[2.252s][info][gc,heap     ] GC(5) Humongous regions: 0->0
[2.252s][info][gc,metaspace] GC(5) Metaspace: 8156K(8384K)->8156K(8384K) NonClass: 7272K(7424K)->7272K(7424K) Class: 883K(960K)->883K(960K)
[2.252s][info][gc          ] GC(5) Pause Young (Normal) (G1 Evacuation Pause) 311M->11M(512M) 1.885ms
[2.252s][info][gc,cpu      ] GC(5) User=0.00s Sys=0.00s Real=0.00s
[2.602s][info][gc,start    ] GC(6) Pause Young (Normal) (G1 Evacuation Pause)
[2.602s][info][gc,task     ] GC(6) Using 8 workers of 8 for evacuation
[2.604s][info][gc,phases   ] GC(6)   Pre Evacuate Collection Set: 0.2ms
[2.604s][info][gc,phases   ] GC(6)   Merge Heap Roots: 0.2ms
[2.604s][info][gc,phases   ] GC(6)   Evacuate Collection Set: 0.3ms
[2.604s][info][gc,phases   ] GC(6)   Post Evacuate Collection Set: 0.5ms
[2.604s][info][gc,phases   ] GC(6)   Other: 0.2ms
[2.604s][info][gc,heap     ] GC(6) Eden regions: 75->0(75)
[2.604s][info][gc,heap     ] GC(6) Survivor regions: 1->1(10)
[2.604s][info][gc,heap     ] GC(6) Old regions: 3->3
[2.604s][info][gc,heap     ] GC(6) Archive regions: 0->0
[2.604s][info][gc,heap     ] GC(6) Humongous regions: 0->0
[2.604s][info][gc,metaspace] GC(6) Metaspace: 8172K(8384K)->8172K(8384K) NonClass: 7288K(7424K)->7288K(7424K) Class: 883K(960K)->883K(960K)
[2.604s][info][gc          ] GC(6) Pause Young (Normal) (G1 Evacuation Pause) 311M->11M(512M) 1.780ms
[2.604s][info][gc,cpu      ] GC(6) User=0.00s Sys=0.00s Real=0.00s
[2.972s][info][gc,start    ] GC(7) Pause Young (Normal) (G1 Evacuation Pause)
[2.972s][info][gc,task     ] GC(7) Using 8 workers of 8 for evacuation
[2.974s][info][gc,phases   ] GC(7)   Pre Evacuate Collection Set: 0.1ms
[2.974s][info][gc,phases   ] GC(7)   Merge Heap Roots: 0.2ms
[2.974s][info][gc,phases   ] GC(7)   Evacuate Collection Set: 0.4ms
[2.974s][info][gc,phases   ] GC(7)   Post Evacuate Collection Set: 0.6ms
[2.974s][info][gc,phases   ] GC(7)   Other: 0.1ms
[2.974s][info][gc,heap     ] GC(7) Eden regions: 75->0(75)
[2.974s][info][gc,heap     ] GC(7) Survivor regions: 1->1(10)
[2.974s][info][gc,heap     ] GC(7) Old regions: 3->3
[2.974s][info][gc,heap     ] GC(7) Archive regions: 0->0
[2.974s][info][gc,heap     ] GC(7) Humongous regions: 0->0
[2.974s][info][gc,metaspace] GC(7) Metaspace: 8187K(8384K)->8187K(8384K) NonClass: 7304K(7424K)->7304K(7424K) Class: 883K(960K)->883K(960K)
[2.974s][info][gc          ] GC(7) Pause Young (Normal) (G1 Evacuation Pause) 311M->11M(512M) 1.697ms
[2.974s][info][gc,cpu      ] GC(7) User=0.00s Sys=0.00s Real=0.00s
[3.321s][info][gc,start    ] GC(8) Pause Young (Normal) (G1 Evacuation Pause)
[3.321s][info][gc,task     ] GC(8) Using 8 workers of 8 for evacuation
[3.322s][info][gc,phases   ] GC(8)   Pre Evacuate Collection Set: 0.1ms
[3.322s][info][gc,phases   ] GC(8)   Merge Heap Roots: 0.1ms
[3.322s][info][gc,phases   ] GC(8)   Evacuate Collection Set: 0.3ms
[3.322s][info][gc,phases   ] GC(8)   Post Evacuate Collection Set: 0.6ms
[3.322s][info][gc,phases   ] GC(8)   Other: 0.3ms
[3.322s][info][gc,heap     ] GC(8) Eden regions: 75->0(75)
[3.322s][info][gc,heap     ] GC(8) Survivor regions: 1->1(10)
[3.322s][info][gc,heap     ] GC(8) Old regions: 3->3
[3.322s][info][gc,heap     ] GC(8) Archive regions: 0->0
[3.322s][info][gc,heap     ] GC(8) Humongous regions: 0->0
[3.322s][info][gc,metaspace] GC(8) Metaspace: 8196K(8384K)->8196K(8384K) NonClass: 7312K(7424K)->7312K(7424K) Class: 883K(960K)->883K(960K)
[3.322s][info][gc          ] GC(8) Pause Young (Normal) (G1 Evacuation Pause) 311M->11M(512M) 1.541ms
[3.322s][info][gc,cpu      ] GC(8) User=0.00s Sys=0.00s Real=0.00s
[3.664s][info][gc,start    ] GC(9) Pause Young (Normal) (G1 Evacuation Pause)
[3.664s][info][gc,task     ] GC(9) Using 8 workers of 8 for evacuation
[3.666s][info][gc,phases   ] GC(9)   Pre Evacuate Collection Set: 0.2ms
[3.666s][info][gc,phases   ] GC(9)   Merge Heap Roots: 0.2ms
[3.666s][info][gc,phases   ] GC(9)   Evacuate Collection Set: 0.4ms
[3.666s][info][gc,phases   ] GC(9)   Post Evacuate Collection Set: 0.7ms
[3.666s][info][gc,phases   ] GC(9)   Other: 0.2ms
[3.666s][info][gc,heap     ] GC(9) Eden regions: 75->0(75)
[3.666s][info][gc,heap     ] GC(9) Survivor regions: 1->1(10)
[3.666s][info][gc,heap     ] GC(9) Old regions: 3->3
[3.666s][info][gc,heap     ] GC(9) Archive regions: 0->0
[3.666s][info][gc,heap     ] GC(9) Humongous regions: 0->0
[3.666s][info][gc,metaspace] GC(9) Metaspace: 8227K(8448K)->8227K(8448K) NonClass: 7343K(7488K)->7343K(7488K) Class: 883K(960K)->883K(960K)
[3.666s][info][gc          ] GC(9) Pause Young (Normal) (G1 Evacuation Pause) 311M->11M(512M) 1.876ms
[3.666s][info][gc,cpu      ] GC(9) User=0.00s Sys=0.00s Real=0.00s
[4.013s][info][gc,start    ] GC(10) Pause Young (Normal) (G1 Evacuation Pause)
[4.013s][info][gc,task     ] GC(10) Using 8 workers of 8 for evacuation
[4.015s][info][gc,phases   ] GC(10)   Pre Evacuate Collection Set: 0.2ms
[4.015s][info][gc,phases   ] GC(10)   Merge Heap Roots: 0.2ms
[4.015s][info][gc,phases   ] GC(10)   Evacuate Collection Set: 0.4ms
[4.015s][info][gc,phases   ] GC(10)   Post Evacuate Collection Set: 0.7ms
[4.015s][info][gc,phases   ] GC(10)   Other: 0.1ms
[4.015s][info][gc,heap     ] GC(10) Eden regions: 75->0(75)
[4.015s][info][gc,heap     ] GC(10) Survivor regions: 1->1(10)
[4.015s][info][gc,heap     ] GC(10) Old regions: 3->3
[4.015s][info][gc,heap     ] GC(10) Archive regions: 0->0
[4.015s][info][gc,heap     ] GC(10) Humongous regions: 0->0
[4.015s][info][gc,metaspace] GC(10) Metaspace: 8232K(8448K)->8232K(8448K) NonClass: 7348K(7488K)->7348K(7488K) Class: 883K(960K)->883K(960K)
[4.015s][info][gc          ] GC(10) Pause Young (Normal) (G1 Evacuation Pause) 311M->11M(512M) 1.882ms
[4.015s][info][gc,cpu      ] GC(10) User=0.00s Sys=0.00s Real=0.00s
[4.363s][info][gc,start    ] GC(11) Pause Young (Normal) (G1 Evacuation Pause)
[4.363s][info][gc,task     ] GC(11) Using 8 workers of 8 for evacuation
[4.365s][info][gc,phases   ] GC(11)   Pre Evacuate Collection Set: 0.2ms
[4.365s][info][gc,phases   ] GC(11)   Merge Heap Roots: 0.2ms
[4.365s][info][gc,phases   ] GC(11)   Evacuate Collection Set: 0.5ms
[4.365s][info][gc,phases   ] GC(11)   Post Evacuate Collection Set: 0.7ms
[4.365s][info][gc,phases   ] GC(11)   Other: 0.1ms
[4.365s][info][gc,heap     ] GC(11) Eden regions: 75->0(75)
[4.365s][info][gc,heap     ] GC(11) Survivor regions: 1->1(10)
[4.365s][info][gc,heap     ] GC(11) Old regions: 3->3
[4.365s][info][gc,heap     ] GC(11) Archive regions: 0->0
[4.365s][info][gc,heap     ] GC(11) Humongous regions: 0->0
[4.365s][info][gc,metaspace] GC(11) Metaspace: 8237K(8448K)->8237K(8448K) NonClass: 7353K(7488K)->7353K(7488K) Class: 883K(960K)->883K(960K)
[4.365s][info][gc          ] GC(11) Pause Young (Normal) (G1 Evacuation Pause) 311M->11M(512M) 1.926ms
[4.365s][info][gc,cpu      ] GC(11) User=0.00s Sys=0.00s Real=0.00s
[4.706s][info][gc,start    ] GC(12) Pause Young (Normal) (G1 Evacuation Pause)
[4.706s][info][gc,task     ] GC(12) Using 8 workers of 8 for evacuation
[4.707s][info][gc,phases   ] GC(12)   Pre Evacuate Collection Set: 0.2ms
[4.707s][info][gc,phases   ] GC(12)   Merge Heap Roots: 0.2ms
[4.707s][info][gc,phases   ] GC(12)   Evacuate Collection Set: 0.4ms
[4.707s][info][gc,phases   ] GC(12)   Post Evacuate Collection Set: 0.7ms
[4.707s][info][gc,phases   ] GC(12)   Other: 0.2ms
[4.707s][info][gc,heap     ] GC(12) Eden regions: 75->0(75)
[4.707s][info][gc,heap     ] GC(12) Survivor regions: 1->1(10)
[4.707s][info][gc,heap     ] GC(12) Old regions: 3->3
[4.707s][info][gc,heap     ] GC(12) Archive regions: 0->0
[4.707s][info][gc,heap     ] GC(12) Humongous regions: 0->0
[4.707s][info][gc,metaspace] GC(12) Metaspace: 8249K(8448K)->8249K(8448K) NonClass: 7365K(7488K)->7365K(7488K) Class: 883K(960K)->883K(960K)
[4.707s][info][gc          ] GC(12) Pause Young (Normal) (G1 Evacuation Pause) 311M->11M(512M) 1.787ms
[4.707s][info][gc,cpu      ] GC(12) User=0.00s Sys=0.00s Real=0.00s
[5.079s][info][gc,start    ] GC(13) Pause Young (Normal) (G1 Evacuation Pause)
[5.079s][info][gc,task     ] GC(13) Using 8 workers of 8 for evacuation
[5.080s][info][gc,phases   ] GC(13)   Pre Evacuate Collection Set: 0.1ms
[5.080s][info][gc,phases   ] GC(13)   Merge Heap Roots: 0.1ms
[5.080s][info][gc,phases   ] GC(13)   Evacuate Collection Set: 0.4ms
[5.080s][info][gc,phases   ] GC(13)   Post Evacuate Collection Set: 0.6ms
[5.080s][info][gc,phases   ] GC(13)   Other: 0.2ms
[5.080s][info][gc,heap     ] GC(13) Eden regions: 75->0(75)
[5.080s][info][gc,heap     ] GC(13) Survivor regions: 1->1(10)
[5.080s][info][gc,heap     ] GC(13) Old regions: 3->3
[5.080s][info][gc,heap     ] GC(13) Archive regions: 0->0
[5.080s][info][gc,heap     ] GC(13) Humongous regions: 0->0
[5.080s][info][gc,metaspace] GC(13) Metaspace: 8281K(8448K)->8281K(8448K) NonClass: 7397K(7488K)->7397K(7488K) Class: 883K(960K)->883K(960K)
[5.080s][info][gc          ] GC(13) Pause Young (Normal) (G1 Evacuation Pause) 311M->11M(512M) 1.659ms
[5.080s][info][gc,cpu      ] GC(13) User=0.00s Sys=0.00s Real=0.00s
[5.456s][info][gc,start    ] GC(14) Pause Young (Normal) (G1 Evacuation Pause)
[5.456s][info][gc,task     ] GC(14) Using 8 workers of 8 for evacuation
[5.456s][info][gc,phases   ] GC(14)   Pre Evacuate Collection Set: 0.1ms
[5.456s][info][gc,phases   ] GC(14)   Merge Heap Roots: 0.1ms
[5.456s][info][gc,phases   ] GC(14)   Evacuate Collection Set: 0.3ms
[5.457s][info][gc,phases   ] GC(14)   Post Evacuate Collection Set: 0.3ms
[5.457s][info][gc,phases   ] GC(14)   Other: 0.2ms
[5.457s][info][gc,heap     ] GC(14) Eden regions: 75->0(75)
[5.457s][info][gc,heap     ] GC(14) Survivor regions: 1->1(10)
[5.457s][info][gc,heap     ] GC(14) Old regions: 3->3
[5.457s][info][gc,heap     ] GC(14) Archive regions: 0->0
[5.457s][info][gc,heap     ] GC(14) Humongous regions: 0->0
[5.457s][info][gc,metaspace] GC(14) Metaspace: 8282K(8448K)->8282K(8448K) NonClass: 7398K(7488K)->7398K(7488K) Class: 883K(960K)->883K(960K)
[5.457s][info][gc          ] GC(14) Pause Young (Normal) (G1 Evacuation Pause) 311M->11M(512M) 1.166ms
[5.457s][info][gc,cpu      ] GC(14) User=0.00s Sys=0.00s Real=0.00s
[5.900s][info][gc,start    ] GC(15) Pause Young (Normal) (G1 Evacuation Pause)
[5.901s][info][gc,task     ] GC(15) Using 8 workers of 8 for evacuation
[5.901s][info][gc,phases   ] GC(15)   Pre Evacuate Collection Set: 0.1ms
[5.901s][info][gc,phases   ] GC(15)   Merge Heap Roots: 0.1ms
[5.901s][info][gc,phases   ] GC(15)   Evacuate Collection Set: 0.4ms
[5.902s][info][gc,phases   ] GC(15)   Post Evacuate Collection Set: 0.2ms
[5.902s][info][gc,phases   ] GC(15)   Other: 0.2ms
[5.902s][info][gc,heap     ] GC(15) Eden regions: 75->0(75)
[5.902s][info][gc,heap     ] GC(15) Survivor regions: 1->1(10)
[5.902s][info][gc,heap     ] GC(15) Old regions: 3->3
[5.902s][info][gc,heap     ] GC(15) Archive regions: 0->0
[5.902s][info][gc,heap     ] GC(15) Humongous regions: 0->0
[5.902s][info][gc,metaspace] GC(15) Metaspace: 8285K(8512K)->8285K(8512K) NonClass: 7401K(7552K)->7401K(7552K) Class: 883K(960K)->883K(960K)
[5.902s][info][gc          ] GC(15) Pause Young (Normal) (G1 Evacuation Pause) 311M->11M(512M) 1.380ms
[5.902s][info][gc,cpu      ] GC(15) User=0.00s Sys=0.00s Real=0.00s
[6.297s][info][gc,start    ] GC(16) Pause Young (Normal) (G1 Evacuation Pause)
[6.297s][info][gc,task     ] GC(16) Using 8 workers of 8 for evacuation
[6.298s][info][gc,phases   ] GC(16)   Pre Evacuate Collection Set: 0.0ms
[6.298s][info][gc,phases   ] GC(16)   Merge Heap Roots: 0.1ms
[6.298s][info][gc,phases   ] GC(16)   Evacuate Collection Set: 0.4ms
[6.298s][info][gc,phases   ] GC(16)   Post Evacuate Collection Set: 0.3ms
[6.298s][info][gc,phases   ] GC(16)   Other: 0.2ms
[6.298s][info][gc,heap     ] GC(16) Eden regions: 75->0(75)
[6.298s][info][gc,heap     ] GC(16) Survivor regions: 1->1(10)
[6.299s][info][gc,heap     ] GC(16) Old regions: 3->3
[6.299s][info][gc,heap     ] GC(16) Archive regions: 0->0
[6.299s][info][gc,heap     ] GC(16) Humongous regions: 0->0
[6.299s][info][gc,metaspace] GC(16) Metaspace: 8285K(8512K)->8285K(8512K) NonClass: 7401K(7552K)->7401K(7552K) Class: 883K(960K)->883K(960K)
[6.299s][info][gc          ] GC(16) Pause Young (Normal) (G1 Evacuation Pause) 311M->11M(512M) 1.278ms
[6.299s][info][gc,cpu      ] GC(16) User=0.00s Sys=0.00s Real=0.00s
[6.679s][info][gc,start    ] GC(17) Pause Young (Normal) (G1 Evacuation Pause)
[6.679s][info][gc,task     ] GC(17) Using 8 workers of 8 for evacuation
[6.680s][info][gc,phases   ] GC(17)   Pre Evacuate Collection Set: 0.2ms
[6.680s][info][gc,phases   ] GC(17)   Merge Heap Roots: 0.1ms
[6.680s][info][gc,phases   ] GC(17)   Evacuate Collection Set: 0.1ms
[6.680s][info][gc,phases   ] GC(17)   Post Evacuate Collection Set: 0.5ms
[6.680s][info][gc,phases   ] GC(17)   Other: 0.2ms
[6.680s][info][gc,heap     ] GC(17) Eden regions: 75->0(75)
[6.680s][info][gc,heap     ] GC(17) Survivor regions: 1->1(10)
[6.680s][info][gc,heap     ] GC(17) Old regions: 3->3
[6.680s][info][gc,heap     ] GC(17) Archive regions: 0->0
[6.680s][info][gc,heap     ] GC(17) Humongous regions: 0->0
[6.680s][info][gc,metaspace] GC(17) Metaspace: 8285K(8512K)->8285K(8512K) NonClass: 7402K(7552K)->7402K(7552K) Class: 883K(960K)->883K(960K)
[6.680s][info][gc          ] GC(17) Pause Young (Normal) (G1 Evacuation Pause) 311M->11M(512M) 1.315ms
[6.680s][info][gc,cpu      ] GC(17) User=0.02s Sys=0.00s Real=0.00s
[7.026s][info][gc,start    ] GC(18) Pause Young (Normal) (G1 Evacuation Pause)
[7.026s][info][gc,task     ] GC(18) Using 8 workers of 8 for evacuation
[7.027s][info][gc,phases   ] GC(18)   Pre Evacuate Collection Set: 0.2ms
[7.027s][info][gc,phases   ] GC(18)   Merge Heap Roots: 0.2ms
[7.028s][info][gc,phases   ] GC(18)   Evacuate Collection Set: 0.3ms
[7.028s][info][gc,phases   ] GC(18)   Post Evacuate Collection Set: 0.7ms
[7.028s][info][gc,phases   ] GC(18)   Other: 0.3ms
[7.028s][info][gc,heap     ] GC(18) Eden regions: 75->0(75)
[7.028s][info][gc,heap     ] GC(18) Survivor regions: 1->1(10)
[7.028s][info][gc,heap     ] GC(18) Old regions: 3->3
[7.028s][info][gc,heap     ] GC(18) Archive regions: 0->0
[7.028s][info][gc,heap     ] GC(18) Humongous regions: 0->0
[7.028s][info][gc,metaspace] GC(18) Metaspace: 8292K(8512K)->8292K(8512K) NonClass: 7408K(7552K)->7408K(7552K) Class: 883K(960K)->883K(960K)
[7.028s][info][gc          ] GC(18) Pause Young (Normal) (G1 Evacuation Pause) 311M->11M(512M) 1.903ms
[7.028s][info][gc,cpu      ] GC(18) User=0.00s Sys=0.00s Real=0.00s
[7.394s][info][gc,start    ] GC(19) Pause Young (Normal) (G1 Evacuation Pause)
[7.394s][info][gc,task     ] GC(19) Using 8 workers of 8 for evacuation
[7.395s][info][gc,phases   ] GC(19)   Pre Evacuate Collection Set: 0.1ms
[7.395s][info][gc,phases   ] GC(19)   Merge Heap Roots: 0.2ms
[7.395s][info][gc,phases   ] GC(19)   Evacuate Collection Set: 0.3ms
[7.395s][info][gc,phases   ] GC(19)   Post Evacuate Collection Set: 0.4ms
[7.395s][info][gc,phases   ] GC(19)   Other: 0.2ms
[7.395s][info][gc,heap     ] GC(19) Eden regions: 75->0(75)
[7.395s][info][gc,heap     ] GC(19) Survivor regions: 1->1(10)
[7.395s][info][gc,heap     ] GC(19) Old regions: 3->3
[7.395s][info][gc,heap     ] GC(19) Archive regions: 0->0
[7.395s][info][gc,heap     ] GC(19) Humongous regions: 0->0
[7.395s][info][gc,metaspace] GC(19) Metaspace: 8323K(8512K)->8323K(8512K) NonClass: 7440K(7552K)->7440K(7552K) Class: 883K(960K)->883K(960K)
[7.396s][info][gc          ] GC(19) Pause Young (Normal) (G1 Evacuation Pause) 311M->11M(512M) 1.559ms
[7.396s][info][gc,cpu      ] GC(19) User=0.00s Sys=0.00s Real=0.00s
[7.758s][info][gc,start    ] GC(20) Pause Young (Normal) (G1 Evacuation Pause)
[7.758s][info][gc,task     ] GC(20) Using 8 workers of 8 for evacuation
[7.759s][info][gc,phases   ] GC(20)   Pre Evacuate Collection Set: 0.2ms
[7.759s][info][gc,phases   ] GC(20)   Merge Heap Roots: 0.2ms
[7.759s][info][gc,phases   ] GC(20)   Evacuate Collection Set: 0.3ms
[7.759s][info][gc,phases   ] GC(20)   Post Evacuate Collection Set: 0.8ms
[7.759s][info][gc,phases   ] GC(20)   Other: 0.2ms
[7.759s][info][gc,heap     ] GC(20) Eden regions: 75->0(75)
[7.759s][info][gc,heap     ] GC(20) Survivor regions: 1->1(10)
[7.759s][info][gc,heap     ] GC(20) Old regions: 3->3
[7.759s][info][gc,heap     ] GC(20) Archive regions: 0->0
[7.760s][info][gc,heap     ] GC(20) Humongous regions: 0->0
[7.760s][info][gc,metaspace] GC(20) Metaspace: 8339K(8512K)->8339K(8512K) NonClass: 7455K(7552K)->7455K(7552K) Class: 883K(960K)->883K(960K)
[7.760s][info][gc          ] GC(20) Pause Young (Normal) (G1 Evacuation Pause) 311M->11M(512M) 1.946ms
[7.760s][info][gc,cpu      ] GC(20) User=0.00s Sys=0.00s Real=0.00s
[8.101s][info][gc,start    ] GC(21) Pause Young (Normal) (G1 Evacuation Pause)
[8.101s][info][gc,task     ] GC(21) Using 8 workers of 8 for evacuation
[8.103s][info][gc,phases   ] GC(21)   Pre Evacuate Collection Set: 0.1ms
[8.103s][info][gc,phases   ] GC(21)   Merge Heap Roots: 0.2ms
[8.103s][info][gc,phases   ] GC(21)   Evacuate Collection Set: 0.3ms
[8.103s][info][gc,phases   ] GC(21)   Post Evacuate Collection Set: 0.8ms
[8.103s][info][gc,phases   ] GC(21)   Other: 0.2ms
[8.103s][info][gc,heap     ] GC(21) Eden regions: 75->0(75)
[8.103s][info][gc,heap     ] GC(21) Survivor regions: 1->1(10)
[8.103s][info][gc,heap     ] GC(21) Old regions: 3->3
[8.103s][info][gc,heap     ] GC(21) Archive regions: 0->0
[8.103s][info][gc,heap     ] GC(21) Humongous regions: 0->0
[8.103s][info][gc,metaspace] GC(21) Metaspace: 8339K(8512K)->8339K(8512K) NonClass: 7456K(7552K)->7456K(7552K) Class: 883K(960K)->883K(960K)
[8.103s][info][gc          ] GC(21) Pause Young (Normal) (G1 Evacuation Pause) 311M->11M(512M) 1.979ms
[8.103s][info][gc,cpu      ] GC(21) User=0.00s Sys=0.00s Real=0.00s
[8.478s][info][gc,start    ] GC(22) Pause Young (Normal) (G1 Evacuation Pause)
[8.478s][info][gc,task     ] GC(22) Using 8 workers of 8 for evacuation
[8.479s][info][gc,phases   ] GC(22)   Pre Evacuate Collection Set: 0.1ms
[8.479s][info][gc,phases   ] GC(22)   Merge Heap Roots: 0.1ms
[8.479s][info][gc,phases   ] GC(22)   Evacuate Collection Set: 0.1ms
[8.479s][info][gc,phases   ] GC(22)   Post Evacuate Collection Set: 0.2ms
[8.479s][info][gc,phases   ] GC(22)   Other: 0.1ms
[8.479s][info][gc,heap     ] GC(22) Eden regions: 75->0(75)
[8.479s][info][gc,heap     ] GC(22) Survivor regions: 1->1(10)
[8.479s][info][gc,heap     ] GC(22) Old regions: 3->3
[8.479s][info][gc,heap     ] GC(22) Archive regions: 0->0
[8.479s][info][gc,heap     ] GC(22) Humongous regions: 0->0
[8.479s][info][gc,metaspace] GC(22) Metaspace: 8340K(8512K)->8340K(8512K) NonClass: 7457K(7552K)->7457K(7552K) Class: 883K(960K)->883K(960K)
[8.479s][info][gc          ] GC(22) Pause Young (Normal) (G1 Evacuation Pause) 311M->11M(512M) 0.971ms
[8.479s][info][gc,cpu      ] GC(22) User=0.00s Sys=0.00s Real=0.00s
[8.843s][info][gc,start    ] GC(23) Pause Young (Normal) (G1 Evacuation Pause)
[8.843s][info][gc,task     ] GC(23) Using 8 workers of 8 for evacuation
[8.844s][info][gc,phases   ] GC(23)   Pre Evacuate Collection Set: 0.1ms
[8.844s][info][gc,phases   ] GC(23)   Merge Heap Roots: 0.1ms
[8.844s][info][gc,phases   ] GC(23)   Evacuate Collection Set: 0.2ms
[8.844s][info][gc,phases   ] GC(23)   Post Evacuate Collection Set: 0.4ms
[8.844s][info][gc,phases   ] GC(23)   Other: 0.2ms
[8.844s][info][gc,heap     ] GC(23) Eden regions: 75->0(75)
[8.844s][info][gc,heap     ] GC(23) Survivor regions: 1->1(10)
[8.844s][info][gc,heap     ] GC(23) Old regions: 3->3
[8.844s][info][gc,heap     ] GC(23) Archive regions: 0->0
[8.844s][info][gc,heap     ] GC(23) Humongous regions: 0->0
[8.844s][info][gc,metaspace] GC(23) Metaspace: 8383K(8576K)->8383K(8576K) NonClass: 7500K(7616K)->7500K(7616K) Class: 883K(960K)->883K(960K)
[8.844s][info][gc          ] GC(23) Pause Young (Normal) (G1 Evacuation Pause) 311M->11M(512M) 1.313ms
[8.844s][info][gc,cpu      ] GC(23) User=0.00s Sys=0.00s Real=0.00s
[9.195s][info][gc,start    ] GC(24) Pause Young (Normal) (G1 Evacuation Pause)
[9.195s][info][gc,task     ] GC(24) Using 8 workers of 8 for evacuation
[9.196s][info][gc,phases   ] GC(24)   Pre Evacuate Collection Set: 0.2ms
[9.197s][info][gc,phases   ] GC(24)   Merge Heap Roots: 0.2ms
[9.197s][info][gc,phases   ] GC(24)   Evacuate Collection Set: 0.3ms
[9.197s][info][gc,phases   ] GC(24)   Post Evacuate Collection Set: 0.6ms
[9.197s][info][gc,phases   ] GC(24)   Other: 0.2ms
[9.197s][info][gc,heap     ] GC(24) Eden regions: 75->0(75)
[9.197s][info][gc,heap     ] GC(24) Survivor regions: 1->1(10)
[9.197s][info][gc,heap     ] GC(24) Old regions: 3->3
[9.197s][info][gc,heap     ] GC(24) Archive regions: 0->0
[9.197s][info][gc,heap     ] GC(24) Humongous regions: 0->0
[9.197s][info][gc,metaspace] GC(24) Metaspace: 8413K(8576K)->8413K(8576K) NonClass: 7530K(7616K)->7530K(7616K) Class: 883K(960K)->883K(960K)
[9.197s][info][gc          ] GC(24) Pause Young (Normal) (G1 Evacuation Pause) 311M->11M(512M) 1.690ms
[9.197s][info][gc,cpu      ] GC(24) User=0.00s Sys=0.00s Real=0.00s
[9.582s][info][gc,start    ] GC(25) Pause Young (Normal) (G1 Evacuation Pause)
[9.582s][info][gc,task     ] GC(25) Using 8 workers of 8 for evacuation
[9.583s][info][gc,phases   ] GC(25)   Pre Evacuate Collection Set: 0.2ms
[9.583s][info][gc,phases   ] GC(25)   Merge Heap Roots: 0.2ms
[9.583s][info][gc,phases   ] GC(25)   Evacuate Collection Set: 0.2ms
[9.583s][info][gc,phases   ] GC(25)   Post Evacuate Collection Set: 0.7ms
[9.583s][info][gc,phases   ] GC(25)   Other: 0.2ms
[9.583s][info][gc,heap     ] GC(25) Eden regions: 75->0(75)
[9.584s][info][gc,heap     ] GC(25) Survivor regions: 1->1(10)
[9.584s][info][gc,heap     ] GC(25) Old regions: 3->3
[9.584s][info][gc,heap     ] GC(25) Archive regions: 0->0
[9.584s][info][gc,heap     ] GC(25) Humongous regions: 0->0
[9.584s][info][gc,metaspace] GC(25) Metaspace: 8413K(8576K)->8413K(8576K) NonClass: 7530K(7616K)->7530K(7616K) Class: 883K(960K)->883K(960K)
[9.584s][info][gc          ] GC(25) Pause Young (Normal) (G1 Evacuation Pause) 311M->11M(512M) 1.859ms
[9.584s][info][gc,cpu      ] GC(25) User=0.00s Sys=0.00s Real=0.00s
[9.944s][info][gc,start    ] GC(26) Pause Young (Normal) (G1 Evacuation Pause)
[9.944s][info][gc,task     ] GC(26) Using 8 workers of 8 for evacuation
[9.945s][info][gc,phases   ] GC(26)   Pre Evacuate Collection Set: 0.2ms
[9.945s][info][gc,phases   ] GC(26)   Merge Heap Roots: 0.2ms
[9.945s][info][gc,phases   ] GC(26)   Evacuate Collection Set: 0.3ms
[9.945s][info][gc,phases   ] GC(26)   Post Evacuate Collection Set: 0.6ms
[9.945s][info][gc,phases   ] GC(26)   Other: 0.1ms
[9.945s][info][gc,heap     ] GC(26) Eden regions: 75->0(75)
[9.945s][info][gc,heap     ] GC(26) Survivor regions: 1->1(10)
[9.945s][info][gc,heap     ] GC(26) Old regions: 3->3
[9.946s][info][gc,heap     ] GC(26) Archive regions: 0->0
[9.946s][info][gc,heap     ] GC(26) Humongous regions: 0->0
[9.946s][info][gc,metaspace] GC(26) Metaspace: 8413K(8576K)->8413K(8576K) NonClass: 7530K(7616K)->7530K(7616K) Class: 883K(960K)->883K(960K)
[9.946s][info][gc          ] GC(26) Pause Young (Normal) (G1 Evacuation Pause) 311M->11M(512M) 1.821ms
[9.946s][info][gc,cpu      ] GC(26) User=0.03s Sys=0.00s Real=0.00s
[10.283s][info][gc,start    ] GC(27) Pause Young (Normal) (G1 Evacuation Pause)
[10.283s][info][gc,task     ] GC(27) Using 8 workers of 8 for evacuation
[10.284s][info][gc,phases   ] GC(27)   Pre Evacuate Collection Set: 0.1ms
[10.284s][info][gc,phases   ] GC(27)   Merge Heap Roots: 0.1ms
[10.284s][info][gc,phases   ] GC(27)   Evacuate Collection Set: 0.1ms
[10.284s][info][gc,phases   ] GC(27)   Post Evacuate Collection Set: 0.4ms
[10.284s][info][gc,phases   ] GC(27)   Other: 0.2ms
[10.284s][info][gc,heap     ] GC(27) Eden regions: 75->0(75)
[10.284s][info][gc,heap     ] GC(27) Survivor regions: 1->1(10)
[10.284s][info][gc,heap     ] GC(27) Old regions: 3->3
[10.284s][info][gc,heap     ] GC(27) Archive regions: 0->0
[10.284s][info][gc,heap     ] GC(27) Humongous regions: 0->0
[10.284s][info][gc,metaspace] GC(27) Metaspace: 8413K(8576K)->8413K(8576K) NonClass: 7530K(7616K)->7530K(7616K) Class: 883K(960K)->883K(960K)
[10.284s][info][gc          ] GC(27) Pause Young (Normal) (G1 Evacuation Pause) 311M->11M(512M) 1.078ms
[10.284s][info][gc,cpu      ] GC(27) User=0.00s Sys=0.00s Real=0.00s
[10.644s][info][gc,start    ] GC(28) Pause Young (Normal) (G1 Evacuation Pause)
[10.644s][info][gc,task     ] GC(28) Using 8 workers of 8 for evacuation
[10.646s][info][gc,phases   ] GC(28)   Pre Evacuate Collection Set: 0.2ms
[10.646s][info][gc,phases   ] GC(28)   Merge Heap Roots: 0.2ms
[10.646s][info][gc,phases   ] GC(28)   Evacuate Collection Set: 0.1ms
[10.646s][info][gc,phases   ] GC(28)   Post Evacuate Collection Set: 0.6ms
[10.646s][info][gc,phases   ] GC(28)   Other: 0.2ms
[10.646s][info][gc,heap     ] GC(28) Eden regions: 75->0(75)
[10.646s][info][gc,heap     ] GC(28) Survivor regions: 1->1(10)
[10.646s][info][gc,heap     ] GC(28) Old regions: 3->3
[10.646s][info][gc,heap     ] GC(28) Archive regions: 0->0
[10.646s][info][gc,heap     ] GC(28) Humongous regions: 0->0
[10.646s][info][gc,metaspace] GC(28) Metaspace: 8413K(8576K)->8413K(8576K) NonClass: 7530K(7616K)->7530K(7616K) Class: 883K(960K)->883K(960K)
[10.646s][info][gc          ] GC(28) Pause Young (Normal) (G1 Evacuation Pause) 311M->11M(512M) 1.549ms
[10.646s][info][gc,cpu      ] GC(28) User=0.00s Sys=0.00s Real=0.00s
[10.999s][info][gc,start    ] GC(29) Pause Young (Normal) (G1 Evacuation Pause)
[10.999s][info][gc,task     ] GC(29) Using 8 workers of 8 for evacuation
[11.001s][info][gc,phases   ] GC(29)   Pre Evacuate Collection Set: 0.2ms
[11.001s][info][gc,phases   ] GC(29)   Merge Heap Roots: 0.2ms
[11.001s][info][gc,phases   ] GC(29)   Evacuate Collection Set: 0.2ms
[11.001s][info][gc,phases   ] GC(29)   Post Evacuate Collection Set: 0.7ms
[11.001s][info][gc,phases   ] GC(29)   Other: 0.2ms
[11.001s][info][gc,heap     ] GC(29) Eden regions: 75->0(75)
[11.001s][info][gc,heap     ] GC(29) Survivor regions: 1->1(10)
[11.001s][info][gc,heap     ] GC(29) Old regions: 3->3
[11.001s][info][gc,heap     ] GC(29) Archive regions: 0->0
[11.001s][info][gc,heap     ] GC(29) Humongous regions: 0->0
[11.001s][info][gc,metaspace] GC(29) Metaspace: 8414K(8576K)->8414K(8576K) NonClass: 7530K(7616K)->7530K(7616K) Class: 883K(960K)->883K(960K)
[11.001s][info][gc          ] GC(29) Pause Young (Normal) (G1 Evacuation Pause) 311M->11M(512M) 1.701ms
[11.001s][info][gc,cpu      ] GC(29) User=0.00s Sys=0.00s Real=0.00s
[11.341s][info][gc,start    ] GC(30) Pause Young (Normal) (G1 Evacuation Pause)
[11.342s][info][gc,task     ] GC(30) Using 8 workers of 8 for evacuation
[11.343s][info][gc,phases   ] GC(30)   Pre Evacuate Collection Set: 0.1ms
[11.343s][info][gc,phases   ] GC(30)   Merge Heap Roots: 0.2ms
[11.343s][info][gc,phases   ] GC(30)   Evacuate Collection Set: 0.2ms
[11.343s][info][gc,phases   ] GC(30)   Post Evacuate Collection Set: 0.7ms
[11.343s][info][gc,phases   ] GC(30)   Other: 0.2ms
[11.343s][info][gc,heap     ] GC(30) Eden regions: 75->0(75)
[11.343s][info][gc,heap     ] GC(30) Survivor regions: 1->1(10)
[11.343s][info][gc,heap     ] GC(30) Old regions: 3->3
[11.343s][info][gc,heap     ] GC(30) Archive regions: 0->0
[11.343s][info][gc,heap     ] GC(30) Humongous regions: 0->0
[11.343s][info][gc,metaspace] GC(30) Metaspace: 8414K(8576K)->8414K(8576K) NonClass: 7531K(7616K)->7531K(7616K) Class: 883K(960K)->883K(960K)
[11.343s][info][gc          ] GC(30) Pause Young (Normal) (G1 Evacuation Pause) 311M->11M(512M) 1.741ms
[11.343s][info][gc,cpu      ] GC(30) User=0.00s Sys=0.00s Real=0.00s
[11.700s][info][gc,start    ] GC(31) Pause Young (Normal) (G1 Evacuation Pause)
[11.700s][info][gc,task     ] GC(31) Using 8 workers of 8 for evacuation
[11.701s][info][gc,phases   ] GC(31)   Pre Evacuate Collection Set: 0.2ms
[11.701s][info][gc,phases   ] GC(31)   Merge Heap Roots: 0.2ms
[11.701s][info][gc,phases   ] GC(31)   Evacuate Collection Set: 0.1ms
[11.701s][info][gc,phases   ] GC(31)   Post Evacuate Collection Set: 0.8ms
[11.701s][info][gc,phases   ] GC(31)   Other: 0.1ms
[11.701s][info][gc,heap     ] GC(31) Eden regions: 75->0(75)
[11.701s][info][gc,heap     ] GC(31) Survivor regions: 1->1(10)
[11.701s][info][gc,heap     ] GC(31) Old regions: 3->3
[11.701s][info][gc,heap     ] GC(31) Archive regions: 0->0
[11.701s][info][gc,heap     ] GC(31) Humongous regions: 0->0
[11.701s][info][gc,metaspace] GC(31) Metaspace: 8430K(8640K)->8430K(8640K) NonClass: 7546K(7680K)->7546K(7680K) Class: 883K(960K)->883K(960K)
[11.701s][info][gc          ] GC(31) Pause Young (Normal) (G1 Evacuation Pause) 311M->11M(512M) 1.659ms
[11.701s][info][gc,cpu      ] GC(31) User=0.00s Sys=0.00s Real=0.00s
[12.074s][info][gc,start    ] GC(32) Pause Young (Normal) (G1 Evacuation Pause)
[12.074s][info][gc,task     ] GC(32) Using 8 workers of 8 for evacuation
[12.075s][info][gc,phases   ] GC(32)   Pre Evacuate Collection Set: 0.1ms
[12.075s][info][gc,phases   ] GC(32)   Merge Heap Roots: 0.2ms
[12.075s][info][gc,phases   ] GC(32)   Evacuate Collection Set: 0.1ms
[12.075s][info][gc,phases   ] GC(32)   Post Evacuate Collection Set: 0.8ms
[12.075s][info][gc,phases   ] GC(32)   Other: 0.2ms
[12.076s][info][gc,heap     ] GC(32) Eden regions: 75->0(75)
[12.076s][info][gc,heap     ] GC(32) Survivor regions: 1->1(10)
[12.076s][info][gc,heap     ] GC(32) Old regions: 3->3
[12.076s][info][gc,heap     ] GC(32) Archive regions: 0->0
[12.076s][info][gc,heap     ] GC(32) Humongous regions: 0->0
[12.076s][info][gc,metaspace] GC(32) Metaspace: 8430K(8640K)->8430K(8640K) NonClass: 7546K(7680K)->7546K(7680K) Class: 883K(960K)->883K(960K)
[12.076s][info][gc          ] GC(32) Pause Young (Normal) (G1 Evacuation Pause) 311M->11M(512M) 1.661ms
[12.076s][info][gc,cpu      ] GC(32) User=0.00s Sys=0.00s Real=0.00s
[12.419s][info][gc,start    ] GC(33) Pause Young (Normal) (G1 Evacuation Pause)
[12.419s][info][gc,task     ] GC(33) Using 8 workers of 8 for evacuation
[12.420s][info][gc,phases   ] GC(33)   Pre Evacuate Collection Set: 0.1ms
[12.420s][info][gc,phases   ] GC(33)   Merge Heap Roots: 0.1ms
[12.421s][info][gc,phases   ] GC(33)   Evacuate Collection Set: 0.1ms
[12.421s][info][gc,phases   ] GC(33)   Post Evacuate Collection Set: 0.6ms
[12.421s][info][gc,phases   ] GC(33)   Other: 0.3ms
[12.421s][info][gc,heap     ] GC(33) Eden regions: 75->0(75)
[12.421s][info][gc,heap     ] GC(33) Survivor regions: 1->1(10)
[12.421s][info][gc,heap     ] GC(33) Old regions: 3->3
[12.421s][info][gc,heap     ] GC(33) Archive regions: 0->0
[12.421s][info][gc,heap     ] GC(33) Humongous regions: 0->0
[12.421s][info][gc,metaspace] GC(33) Metaspace: 8430K(8640K)->8430K(8640K) NonClass: 7546K(7680K)->7546K(7680K) Class: 883K(960K)->883K(960K)
[12.421s][info][gc          ] GC(33) Pause Young (Normal) (G1 Evacuation Pause) 311M->11M(512M) 1.558ms
[12.421s][info][gc,cpu      ] GC(33) User=0.00s Sys=0.00s Real=0.00s
[12.778s][info][gc,start    ] GC(34) Pause Young (Normal) (G1 Evacuation Pause)
[12.778s][info][gc,task     ] GC(34) Using 8 workers of 8 for evacuation
[12.779s][info][gc,phases   ] GC(34)   Pre Evacuate Collection Set: 0.2ms
[12.779s][info][gc,phases   ] GC(34)   Merge Heap Roots: 0.2ms
[12.779s][info][gc,phases   ] GC(34)   Evacuate Collection Set: 0.1ms
[12.780s][info][gc,phases   ] GC(34)   Post Evacuate Collection Set: 0.8ms
[12.780s][info][gc,phases   ] GC(34)   Other: 0.2ms
[12.780s][info][gc,heap     ] GC(34) Eden regions: 75->0(75)
[12.780s][info][gc,heap     ] GC(34) Survivor regions: 1->1(10)
[12.780s][info][gc,heap     ] GC(34) Old regions: 3->3
[12.780s][info][gc,heap     ] GC(34) Archive regions: 0->0
[12.780s][info][gc,heap     ] GC(34) Humongous regions: 0->0
[12.780s][info][gc,metaspace] GC(34) Metaspace: 8445K(8640K)->8445K(8640K) NonClass: 7561K(7680K)->7561K(7680K) Class: 883K(960K)->883K(960K)
[12.780s][info][gc          ] GC(34) Pause Young (Normal) (G1 Evacuation Pause) 311M->11M(512M) 1.708ms
[12.780s][info][gc,cpu      ] GC(34) User=0.00s Sys=0.00s Real=0.00s
[13.140s][info][gc,start    ] GC(35) Pause Young (Normal) (G1 Evacuation Pause)
[13.140s][info][gc,task     ] GC(35) Using 8 workers of 8 for evacuation
[13.141s][info][gc,phases   ] GC(35)   Pre Evacuate Collection Set: 0.1ms
[13.141s][info][gc,phases   ] GC(35)   Merge Heap Roots: 0.1ms
[13.141s][info][gc,phases   ] GC(35)   Evacuate Collection Set: 0.1ms
[13.141s][info][gc,phases   ] GC(35)   Post Evacuate Collection Set: 0.5ms
[13.141s][info][gc,phases   ] GC(35)   Other: 0.1ms
[13.141s][info][gc,heap     ] GC(35) Eden regions: 75->0(75)
[13.141s][info][gc,heap     ] GC(35) Survivor regions: 1->1(10)
[13.141s][info][gc,heap     ] GC(35) Old regions: 3->3
[13.141s][info][gc,heap     ] GC(35) Archive regions: 0->0
[13.141s][info][gc,heap     ] GC(35) Humongous regions: 0->0
[13.141s][info][gc,metaspace] GC(35) Metaspace: 8479K(8640K)->8479K(8640K) NonClass: 7595K(7680K)->7595K(7680K) Class: 883K(960K)->883K(960K)
[13.141s][info][gc          ] GC(35) Pause Young (Normal) (G1 Evacuation Pause) 311M->11M(512M) 1.178ms
[13.141s][info][gc,cpu      ] GC(35) User=0.00s Sys=0.00s Real=0.00s
[13.480s][info][gc,start    ] GC(36) Pause Young (Normal) (G1 Evacuation Pause)
[13.480s][info][gc,task     ] GC(36) Using 8 workers of 8 for evacuation
[13.482s][info][gc,phases   ] GC(36)   Pre Evacuate Collection Set: 0.2ms
[13.482s][info][gc,phases   ] GC(36)   Merge Heap Roots: 0.2ms
[13.482s][info][gc,phases   ] GC(36)   Evacuate Collection Set: 0.2ms
[13.482s][info][gc,phases   ] GC(36)   Post Evacuate Collection Set: 0.7ms
[13.482s][info][gc,phases   ] GC(36)   Other: 0.2ms
[13.482s][info][gc,heap     ] GC(36) Eden regions: 75->0(75)
[13.482s][info][gc,heap     ] GC(36) Survivor regions: 1->1(10)
[13.482s][info][gc,heap     ] GC(36) Old regions: 3->3
[13.482s][info][gc,heap     ] GC(36) Archive regions: 0->0
[13.482s][info][gc,heap     ] GC(36) Humongous regions: 0->0
[13.482s][info][gc,metaspace] GC(36) Metaspace: 8479K(8640K)->8479K(8640K) NonClass: 7595K(7680K)->7595K(7680K) Class: 883K(960K)->883K(960K)
[13.482s][info][gc          ] GC(36) Pause Young (Normal) (G1 Evacuation Pause) 311M->11M(512M) 1.749ms
[13.482s][info][gc,cpu      ] GC(36) User=0.00s Sys=0.00s Real=0.00s
[13.848s][info][gc,start    ] GC(37) Pause Young (Normal) (G1 Evacuation Pause)
[13.848s][info][gc,task     ] GC(37) Using 8 workers of 8 for evacuation
[13.849s][info][gc,phases   ] GC(37)   Pre Evacuate Collection Set: 0.1ms
[13.849s][info][gc,phases   ] GC(37)   Merge Heap Roots: 0.2ms
[13.849s][info][gc,phases   ] GC(37)   Evacuate Collection Set: 0.3ms
[13.849s][info][gc,phases   ] GC(37)   Post Evacuate Collection Set: 0.7ms
[13.849s][info][gc,phases   ] GC(37)   Other: 0.2ms
[13.849s][info][gc,heap     ] GC(37) Eden regions: 75->0(75)
[13.849s][info][gc,heap     ] GC(37) Survivor regions: 1->1(10)
[13.849s][info][gc,heap     ] GC(37) Old regions: 3->3
[13.849s][info][gc,heap     ] GC(37) Archive regions: 0->0
[13.849s][info][gc,heap     ] GC(37) Humongous regions: 0->0
[13.849s][info][gc,metaspace] GC(37) Metaspace: 8479K(8640K)->8479K(8640K) NonClass: 7595K(7680K)->7595K(7680K) Class: 883K(960K)->883K(960K)
[13.849s][info][gc          ] GC(37) Pause Young (Normal) (G1 Evacuation Pause) 311M->11M(512M) 1.693ms
[13.850s][info][gc,cpu      ] GC(37) User=0.00s Sys=0.00s Real=0.00s
[14.210s][info][gc,start    ] GC(38) Pause Young (Normal) (G1 Evacuation Pause)
[14.210s][info][gc,task     ] GC(38) Using 8 workers of 8 for evacuation
[14.211s][info][gc,phases   ] GC(38)   Pre Evacuate Collection Set: 0.2ms
[14.211s][info][gc,phases   ] GC(38)   Merge Heap Roots: 0.2ms
[14.211s][info][gc,phases   ] GC(38)   Evacuate Collection Set: 0.2ms
[14.211s][info][gc,phases   ] GC(38)   Post Evacuate Collection Set: 0.7ms
[14.211s][info][gc,phases   ] GC(38)   Other: 0.2ms
[14.211s][info][gc,heap     ] GC(38) Eden regions: 75->0(75)
[14.211s][info][gc,heap     ] GC(38) Survivor regions: 1->1(10)
[14.211s][info][gc,heap     ] GC(38) Old regions: 3->3
[14.211s][info][gc,heap     ] GC(38) Archive regions: 0->0
[14.211s][info][gc,heap     ] GC(38) Humongous regions: 0->0
[14.211s][info][gc,metaspace] GC(38) Metaspace: 8479K(8640K)->8479K(8640K) NonClass: 7595K(7680K)->7595K(7680K) Class: 883K(960K)->883K(960K)
[14.211s][info][gc          ] GC(38) Pause Young (Normal) (G1 Evacuation Pause) 311M->11M(512M) 1.650ms
[14.211s][info][gc,cpu      ] GC(38) User=0.00s Sys=0.00s Real=0.00s
[14.569s][info][gc,start    ] GC(39) Pause Young (Normal) (G1 Evacuation Pause)
[14.569s][info][gc,task     ] GC(39) Using 8 workers of 8 for evacuation
[14.569s][info][gc,phases   ] GC(39)   Pre Evacuate Collection Set: 0.1ms
[14.569s][info][gc,phases   ] GC(39)   Merge Heap Roots: 0.2ms
[14.570s][info][gc,phases   ] GC(39)   Evacuate Collection Set: 0.1ms
[14.570s][info][gc,phases   ] GC(39)   Post Evacuate Collection Set: 0.3ms
[14.570s][info][gc,phases   ] GC(39)   Other: 0.2ms
[14.570s][info][gc,heap     ] GC(39) Eden regions: 75->0(75)
[14.570s][info][gc,heap     ] GC(39) Survivor regions: 1->1(10)
[14.570s][info][gc,heap     ] GC(39) Old regions: 3->3
[14.570s][info][gc,heap     ] GC(39) Archive regions: 0->0
[14.570s][info][gc,heap     ] GC(39) Humongous regions: 0->0
[14.570s][info][gc,metaspace] GC(39) Metaspace: 8479K(8640K)->8479K(8640K) NonClass: 7595K(7680K)->7595K(7680K) Class: 883K(960K)->883K(960K)
[14.570s][info][gc          ] GC(39) Pause Young (Normal) (G1 Evacuation Pause) 311M->11M(512M) 1.177ms
[14.570s][info][gc,cpu      ] GC(39) User=0.02s Sys=0.00s Real=0.00s
[14.939s][info][gc,start    ] GC(40) Pause Young (Normal) (G1 Evacuation Pause)
[14.939s][info][gc,task     ] GC(40) Using 8 workers of 8 for evacuation
[14.940s][info][gc,phases   ] GC(40)   Pre Evacuate Collection Set: 0.2ms
[14.940s][info][gc,phases   ] GC(40)   Merge Heap Roots: 0.2ms
[14.940s][info][gc,phases   ] GC(40)   Evacuate Collection Set: 0.1ms
[14.940s][info][gc,phases   ] GC(40)   Post Evacuate Collection Set: 0.5ms
[14.940s][info][gc,phases   ] GC(40)   Other: 0.1ms
[14.940s][info][gc,heap     ] GC(40) Eden regions: 75->0(75)
[14.940s][info][gc,heap     ] GC(40) Survivor regions: 1->1(10)
[14.940s][info][gc,heap     ] GC(40) Old regions: 3->3
[14.941s][info][gc,heap     ] GC(40) Archive regions: 0->0
[14.941s][info][gc,heap     ] GC(40) Humongous regions: 0->0
[14.941s][info][gc,metaspace] GC(40) Metaspace: 8480K(8640K)->8480K(8640K) NonClass: 7597K(7680K)->7597K(7680K) Class: 883K(960K)->883K(960K)
[14.941s][info][gc          ] GC(40) Pause Young (Normal) (G1 Evacuation Pause) 311M->11M(512M) 1.334ms
[14.941s][info][gc,cpu      ] GC(40) User=0.00s Sys=0.00s Real=0.00s
[15.332s][info][gc,start    ] GC(41) Pause Young (Normal) (G1 Evacuation Pause)
[15.332s][info][gc,task     ] GC(41) Using 8 workers of 8 for evacuation
[15.332s][info][gc,phases   ] GC(41)   Pre Evacuate Collection Set: 0.1ms
[15.332s][info][gc,phases   ] GC(41)   Merge Heap Roots: 0.1ms
[15.332s][info][gc,phases   ] GC(41)   Evacuate Collection Set: 0.1ms
[15.332s][info][gc,phases   ] GC(41)   Post Evacuate Collection Set: 0.3ms
[15.332s][info][gc,phases   ] GC(41)   Other: 0.1ms
[15.332s][info][gc,heap     ] GC(41) Eden regions: 75->0(75)
[15.332s][info][gc,heap     ] GC(41) Survivor regions: 1->1(10)
[15.332s][info][gc,heap     ] GC(41) Old regions: 3->3
[15.333s][info][gc,heap     ] GC(41) Archive regions: 0->0
[15.333s][info][gc,heap     ] GC(41) Humongous regions: 0->0
[15.333s][info][gc,metaspace] GC(41) Metaspace: 8480K(8640K)->8480K(8640K) NonClass: 7597K(7680K)->7597K(7680K) Class: 883K(960K)->883K(960K)
[15.333s][info][gc          ] GC(41) Pause Young (Normal) (G1 Evacuation Pause) 311M->11M(512M) 1.012ms
[15.333s][info][gc,cpu      ] GC(41) User=0.00s Sys=0.00s Real=0.00s
[15.734s][info][gc,start    ] GC(42) Pause Young (Normal) (G1 Evacuation Pause)
[15.734s][info][gc,task     ] GC(42) Using 8 workers of 8 for evacuation
[15.735s][info][gc,phases   ] GC(42)   Pre Evacuate Collection Set: 0.2ms
[15.735s][info][gc,phases   ] GC(42)   Merge Heap Roots: 0.2ms
[15.735s][info][gc,phases   ] GC(42)   Evacuate Collection Set: 0.5ms
[15.735s][info][gc,phases   ] GC(42)   Post Evacuate Collection Set: 0.6ms
[15.735s][info][gc,phases   ] GC(42)   Other: 0.1ms
[15.736s][info][gc,heap     ] GC(42) Eden regions: 75->0(75)
[15.736s][info][gc,heap     ] GC(42) Survivor regions: 1->1(10)
[15.736s][info][gc,heap     ] GC(42) Old regions: 3->3
[15.736s][info][gc,heap     ] GC(42) Archive regions: 0->0
[15.736s][info][gc,heap     ] GC(42) Humongous regions: 0->0
[15.736s][info][gc,metaspace] GC(42) Metaspace: 8487K(8704K)->8487K(8704K) NonClass: 7604K(7744K)->7604K(7744K) Class: 883K(960K)->883K(960K)
[15.736s][info][gc          ] GC(42) Pause Young (Normal) (G1 Evacuation Pause) 311M->11M(512M) 1.896ms
[15.736s][info][gc,cpu      ] GC(42) User=0.00s Sys=0.00s Real=0.00s
[16.116s][info][gc,start    ] GC(43) Pause Young (Normal) (G1 Evacuation Pause)
[16.116s][info][gc,task     ] GC(43) Using 8 workers of 8 for evacuation
[16.118s][info][gc,phases   ] GC(43)   Pre Evacuate Collection Set: 0.2ms
[16.118s][info][gc,phases   ] GC(43)   Merge Heap Roots: 0.1ms
[16.118s][info][gc,phases   ] GC(43)   Evacuate Collection Set: 0.1ms
[16.118s][info][gc,phases   ] GC(43)   Post Evacuate Collection Set: 0.7ms
[16.118s][info][gc,phases   ] GC(43)   Other: 0.2ms
[16.118s][info][gc,heap     ] GC(43) Eden regions: 75->0(75)
[16.118s][info][gc,heap     ] GC(43) Survivor regions: 1->1(10)
[16.118s][info][gc,heap     ] GC(43) Old regions: 3->3
[16.118s][info][gc,heap     ] GC(43) Archive regions: 0->0
[16.118s][info][gc,heap     ] GC(43) Humongous regions: 0->0
[16.118s][info][gc,metaspace] GC(43) Metaspace: 8487K(8704K)->8487K(8704K) NonClass: 7604K(7744K)->7604K(7744K) Class: 883K(960K)->883K(960K)
[16.118s][info][gc          ] GC(43) Pause Young (Normal) (G1 Evacuation Pause) 311M->11M(512M) 1.601ms
[16.118s][info][gc,cpu      ] GC(43) User=0.00s Sys=0.00s Real=0.00s
[16.471s][info][gc,start    ] GC(44) Pause Young (Normal) (G1 Evacuation Pause)
[16.471s][info][gc,task     ] GC(44) Using 8 workers of 8 for evacuation
[16.472s][info][gc,phases   ] GC(44)   Pre Evacuate Collection Set: 0.1ms
[16.472s][info][gc,phases   ] GC(44)   Merge Heap Roots: 0.1ms
[16.472s][info][gc,phases   ] GC(44)   Evacuate Collection Set: 0.1ms
[16.472s][info][gc,phases   ] GC(44)   Post Evacuate Collection Set: 0.6ms
[16.473s][info][gc,phases   ] GC(44)   Other: 0.2ms
[16.473s][info][gc,heap     ] GC(44) Eden regions: 75->0(75)
[16.473s][info][gc,heap     ] GC(44) Survivor regions: 1->1(10)
[16.473s][info][gc,heap     ] GC(44) Old regions: 3->3
[16.473s][info][gc,heap     ] GC(44) Archive regions: 0->0
[16.473s][info][gc,heap     ] GC(44) Humongous regions: 0->0
[16.473s][info][gc,metaspace] GC(44) Metaspace: 8487K(8704K)->8487K(8704K) NonClass: 7604K(7744K)->7604K(7744K) Class: 883K(960K)->883K(960K)
[16.473s][info][gc          ] GC(44) Pause Young (Normal) (G1 Evacuation Pause) 311M->11M(512M) 1.387ms
[16.473s][info][gc,cpu      ] GC(44) User=0.00s Sys=0.00s Real=0.00s
[16.818s][info][gc,start    ] GC(45) Pause Young (Normal) (G1 Evacuation Pause)
[16.818s][info][gc,task     ] GC(45) Using 8 workers of 8 for evacuation
[16.819s][info][gc,phases   ] GC(45)   Pre Evacuate Collection Set: 0.1ms
[16.819s][info][gc,phases   ] GC(45)   Merge Heap Roots: 0.2ms
[16.819s][info][gc,phases   ] GC(45)   Evacuate Collection Set: 0.3ms
[16.819s][info][gc,phases   ] GC(45)   Post Evacuate Collection Set: 0.8ms
[16.819s][info][gc,phases   ] GC(45)   Other: 0.1ms
[16.819s][info][gc,heap     ] GC(45) Eden regions: 75->0(75)
[16.819s][info][gc,heap     ] GC(45) Survivor regions: 1->1(10)
[16.820s][info][gc,heap     ] GC(45) Old regions: 3->3
[16.820s][info][gc,heap     ] GC(45) Archive regions: 0->0
[16.820s][info][gc,heap     ] GC(45) Humongous regions: 0->0
[16.820s][info][gc,metaspace] GC(45) Metaspace: 8488K(8704K)->8488K(8704K) NonClass: 7605K(7744K)->7605K(7744K) Class: 883K(960K)->883K(960K)
[16.820s][info][gc          ] GC(45) Pause Young (Normal) (G1 Evacuation Pause) 311M->11M(512M) 1.999ms
[16.820s][info][gc,cpu      ] GC(45) User=0.00s Sys=0.02s Real=0.00s
[17.165s][info][gc,start    ] GC(46) Pause Young (Normal) (G1 Evacuation Pause)
[17.165s][info][gc,task     ] GC(46) Using 8 workers of 8 for evacuation
[17.166s][info][gc,phases   ] GC(46)   Pre Evacuate Collection Set: 0.1ms
[17.166s][info][gc,phases   ] GC(46)   Merge Heap Roots: 0.1ms
[17.166s][info][gc,phases   ] GC(46)   Evacuate Collection Set: 0.1ms
[17.166s][info][gc,phases   ] GC(46)   Post Evacuate Collection Set: 0.4ms
[17.166s][info][gc,phases   ] GC(46)   Other: 0.2ms
[17.166s][info][gc,heap     ] GC(46) Eden regions: 75->0(75)
[17.166s][info][gc,heap     ] GC(46) Survivor regions: 1->1(10)
[17.166s][info][gc,heap     ] GC(46) Old regions: 3->3
[17.166s][info][gc,heap     ] GC(46) Archive regions: 0->0
[17.166s][info][gc,heap     ] GC(46) Humongous regions: 0->0
[17.166s][info][gc,metaspace] GC(46) Metaspace: 8506K(8704K)->8506K(8704K) NonClass: 7623K(7744K)->7623K(7744K) Class: 883K(960K)->883K(960K)
[17.166s][info][gc          ] GC(46) Pause Young (Normal) (G1 Evacuation Pause) 311M->11M(512M) 1.234ms
[17.166s][info][gc,cpu      ] GC(46) User=0.00s Sys=0.00s Real=0.00s
[17.526s][info][gc,start    ] GC(47) Pause Young (Normal) (G1 Evacuation Pause)
[17.526s][info][gc,task     ] GC(47) Using 8 workers of 8 for evacuation
[17.527s][info][gc,phases   ] GC(47)   Pre Evacuate Collection Set: 0.1ms
[17.527s][info][gc,phases   ] GC(47)   Merge Heap Roots: 0.1ms
[17.527s][info][gc,phases   ] GC(47)   Evacuate Collection Set: 0.1ms
[17.527s][info][gc,phases   ] GC(47)   Post Evacuate Collection Set: 0.4ms
[17.527s][info][gc,phases   ] GC(47)   Other: 0.2ms
[17.527s][info][gc,heap     ] GC(47) Eden regions: 75->0(75)
[17.527s][info][gc,heap     ] GC(47) Survivor regions: 1->1(10)
[17.527s][info][gc,heap     ] GC(47) Old regions: 3->3
[17.527s][info][gc,heap     ] GC(47) Archive regions: 0->0
[17.527s][info][gc,heap     ] GC(47) Humongous regions: 0->0
[17.528s][info][gc,metaspace] GC(47) Metaspace: 8506K(8704K)->8506K(8704K) NonClass: 7623K(7744K)->7623K(7744K) Class: 883K(960K)->883K(960K)
[17.528s][info][gc          ] GC(47) Pause Young (Normal) (G1 Evacuation Pause) 311M->11M(512M) 1.328ms
[17.528s][info][gc,cpu      ] GC(47) User=0.00s Sys=0.00s Real=0.00s
[17.870s][info][gc,start    ] GC(48) Pause Young (Normal) (G1 Evacuation Pause)
[17.870s][info][gc,task     ] GC(48) Using 8 workers of 8 for evacuation
[17.871s][info][gc,phases   ] GC(48)   Pre Evacuate Collection Set: 0.1ms
[17.871s][info][gc,phases   ] GC(48)   Merge Heap Roots: 0.1ms
[17.871s][info][gc,phases   ] GC(48)   Evacuate Collection Set: 0.2ms
[17.871s][info][gc,phases   ] GC(48)   Post Evacuate Collection Set: 0.4ms
[17.871s][info][gc,phases   ] GC(48)   Other: 0.3ms
[17.871s][info][gc,heap     ] GC(48) Eden regions: 75->0(75)
[17.871s][info][gc,heap     ] GC(48) Survivor regions: 1->1(10)
[17.871s][info][gc,heap     ] GC(48) Old regions: 3->3
[17.871s][info][gc,heap     ] GC(48) Archive regions: 0->0
[17.871s][info][gc,heap     ] GC(48) Humongous regions: 0->0
[17.871s][info][gc,metaspace] GC(48) Metaspace: 8506K(8704K)->8506K(8704K) NonClass: 7623K(7744K)->7623K(7744K) Class: 883K(960K)->883K(960K)
[17.871s][info][gc          ] GC(48) Pause Young (Normal) (G1 Evacuation Pause) 311M->11M(512M) 1.430ms
[17.871s][info][gc,cpu      ] GC(48) User=0.00s Sys=0.00s Real=0.00s
[18.223s][info][gc,start    ] GC(49) Pause Young (Normal) (G1 Evacuation Pause)
[18.223s][info][gc,task     ] GC(49) Using 8 workers of 8 for evacuation
[18.224s][info][gc,phases   ] GC(49)   Pre Evacuate Collection Set: 0.2ms
[18.224s][info][gc,phases   ] GC(49)   Merge Heap Roots: 0.2ms
[18.224s][info][gc,phases   ] GC(49)   Evacuate Collection Set: 0.2ms
[18.224s][info][gc,phases   ] GC(49)   Post Evacuate Collection Set: 0.7ms
[18.224s][info][gc,phases   ] GC(49)   Other: 0.2ms
[18.224s][info][gc,heap     ] GC(49) Eden regions: 75->0(75)
[18.224s][info][gc,heap     ] GC(49) Survivor regions: 1->1(10)
[18.224s][info][gc,heap     ] GC(49) Old regions: 3->3
[18.224s][info][gc,heap     ] GC(49) Archive regions: 0->0
[18.224s][info][gc,heap     ] GC(49) Humongous regions: 0->0
[18.224s][info][gc,metaspace] GC(49) Metaspace: 8506K(8704K)->8506K(8704K) NonClass: 7623K(7744K)->7623K(7744K) Class: 883K(960K)->883K(960K)
[18.224s][info][gc          ] GC(49) Pause Young (Normal) (G1 Evacuation Pause) 311M->11M(512M) 1.671ms
[18.224s][info][gc,cpu      ] GC(49) User=0.00s Sys=0.00s Real=0.00s
[18.581s][info][gc,start    ] GC(50) Pause Young (Normal) (G1 Evacuation Pause)
[18.581s][info][gc,task     ] GC(50) Using 8 workers of 8 for evacuation
[18.582s][info][gc,phases   ] GC(50)   Pre Evacuate Collection Set: 0.2ms
[18.582s][info][gc,phases   ] GC(50)   Merge Heap Roots: 0.2ms
[18.582s][info][gc,phases   ] GC(50)   Evacuate Collection Set: 0.1ms
[18.582s][info][gc,phases   ] GC(50)   Post Evacuate Collection Set: 0.7ms
[18.582s][info][gc,phases   ] GC(50)   Other: 0.1ms
[18.582s][info][gc,heap     ] GC(50) Eden regions: 75->0(75)
[18.582s][info][gc,heap     ] GC(50) Survivor regions: 1->1(10)
[18.582s][info][gc,heap     ] GC(50) Old regions: 3->3
[18.582s][info][gc,heap     ] GC(50) Archive regions: 0->0
[18.582s][info][gc,heap     ] GC(50) Humongous regions: 0->0
[18.582s][info][gc,metaspace] GC(50) Metaspace: 8506K(8704K)->8506K(8704K) NonClass: 7623K(7744K)->7623K(7744K) Class: 883K(960K)->883K(960K)
[18.582s][info][gc          ] GC(50) Pause Young (Normal) (G1 Evacuation Pause) 311M->11M(512M) 1.638ms
[18.583s][info][gc,cpu      ] GC(50) User=0.00s Sys=0.00s Real=0.00s
[18.923s][info][gc,start    ] GC(51) Pause Young (Normal) (G1 Evacuation Pause)
[18.923s][info][gc,task     ] GC(51) Using 8 workers of 8 for evacuation
[18.925s][info][gc,phases   ] GC(51)   Pre Evacuate Collection Set: 0.2ms
[18.925s][info][gc,phases   ] GC(51)   Merge Heap Roots: 0.2ms
[18.925s][info][gc,phases   ] GC(51)   Evacuate Collection Set: 0.3ms
[18.925s][info][gc,phases   ] GC(51)   Post Evacuate Collection Set: 0.7ms
[18.925s][info][gc,phases   ] GC(51)   Other: 0.1ms
[18.925s][info][gc,heap     ] GC(51) Eden regions: 75->0(75)
[18.925s][info][gc,heap     ] GC(51) Survivor regions: 1->1(10)
[18.925s][info][gc,heap     ] GC(51) Old regions: 3->3
[18.925s][info][gc,heap     ] GC(51) Archive regions: 0->0
[18.925s][info][gc,heap     ] GC(51) Humongous regions: 0->0
[18.925s][info][gc,metaspace] GC(51) Metaspace: 8506K(8704K)->8506K(8704K) NonClass: 7623K(7744K)->7623K(7744K) Class: 883K(960K)->883K(960K)
[18.925s][info][gc          ] GC(51) Pause Young (Normal) (G1 Evacuation Pause) 311M->11M(512M) 1.779ms
[18.925s][info][gc,cpu      ] GC(51) User=0.00s Sys=0.00s Real=0.00s
[19.278s][info][gc,start    ] GC(52) Pause Young (Normal) (G1 Evacuation Pause)
[19.278s][info][gc,task     ] GC(52) Using 8 workers of 8 for evacuation
[19.279s][info][gc,phases   ] GC(52)   Pre Evacuate Collection Set: 0.2ms
[19.279s][info][gc,phases   ] GC(52)   Merge Heap Roots: 0.2ms
[19.279s][info][gc,phases   ] GC(52)   Evacuate Collection Set: 0.1ms
[19.279s][info][gc,phases   ] GC(52)   Post Evacuate Collection Set: 0.7ms
[19.279s][info][gc,phases   ] GC(52)   Other: 0.1ms
[19.279s][info][gc,heap     ] GC(52) Eden regions: 75->0(75)
[19.279s][info][gc,heap     ] GC(52) Survivor regions: 1->1(10)
[19.279s][info][gc,heap     ] GC(52) Old regions: 3->3
[19.279s][info][gc,heap     ] GC(52) Archive regions: 0->0
[19.279s][info][gc,heap     ] GC(52) Humongous regions: 0->0
[19.279s][info][gc,metaspace] GC(52) Metaspace: 8506K(8704K)->8506K(8704K) NonClass: 7623K(7744K)->7623K(7744K) Class: 883K(960K)->883K(960K)
[19.279s][info][gc          ] GC(52) Pause Young (Normal) (G1 Evacuation Pause) 311M->11M(512M) 1.616ms
[19.279s][info][gc,cpu      ] GC(52) User=0.00s Sys=0.00s Real=0.00s
[19.649s][info][gc,start    ] GC(53) Pause Young (Normal) (G1 Evacuation Pause)
[19.649s][info][gc,task     ] GC(53) Using 8 workers of 8 for evacuation
[19.651s][info][gc,phases   ] GC(53)   Pre Evacuate Collection Set: 0.2ms
[19.651s][info][gc,phases   ] GC(53)   Merge Heap Roots: 0.2ms
[19.651s][info][gc,phases   ] GC(53)   Evacuate Collection Set: 0.1ms
[19.651s][info][gc,phases   ] GC(53)   Post Evacuate Collection Set: 0.9ms
[19.651s][info][gc,phases   ] GC(53)   Other: 0.1ms
[19.651s][info][gc,heap     ] GC(53) Eden regions: 75->0(75)
[19.651s][info][gc,heap     ] GC(53) Survivor regions: 1->1(10)
[19.651s][info][gc,heap     ] GC(53) Old regions: 3->3
[19.651s][info][gc,heap     ] GC(53) Archive regions: 0->0
[19.651s][info][gc,heap     ] GC(53) Humongous regions: 0->0
[19.651s][info][gc,metaspace] GC(53) Metaspace: 8514K(8704K)->8514K(8704K) NonClass: 7630K(7744K)->7630K(7744K) Class: 883K(960K)->883K(960K)
[19.651s][info][gc          ] GC(53) Pause Young (Normal) (G1 Evacuation Pause) 311M->11M(512M) 1.735ms
[19.651s][info][gc,cpu      ] GC(53) User=0.00s Sys=0.00s Real=0.00s
[20.000s][info][gc,start    ] GC(54) Pause Young (Normal) (G1 Evacuation Pause)
[20.000s][info][gc,task     ] GC(54) Using 8 workers of 8 for evacuation
[20.002s][info][gc,phases   ] GC(54)   Pre Evacuate Collection Set: 0.2ms
[20.002s][info][gc,phases   ] GC(54)   Merge Heap Roots: 0.1ms
[20.002s][info][gc,phases   ] GC(54)   Evacuate Collection Set: 0.3ms
[20.002s][info][gc,phases   ] GC(54)   Post Evacuate Collection Set: 0.6ms
[20.002s][info][gc,phases   ] GC(54)   Other: 0.1ms
[20.002s][info][gc,heap     ] GC(54) Eden regions: 75->0(75)
[20.002s][info][gc,heap     ] GC(54) Survivor regions: 1->1(10)
[20.002s][info][gc,heap     ] GC(54) Old regions: 3->3
[20.002s][info][gc,heap     ] GC(54) Archive regions: 0->0
[20.002s][info][gc,heap     ] GC(54) Humongous regions: 0->0
[20.002s][info][gc,metaspace] GC(54) Metaspace: 8514K(8704K)->8514K(8704K) NonClass: 7630K(7744K)->7630K(7744K) Class: 883K(960K)->883K(960K)
[20.002s][info][gc          ] GC(54) Pause Young (Normal) (G1 Evacuation Pause) 311M->11M(512M) 1.665ms
[20.002s][info][gc,cpu      ] GC(54) User=0.00s Sys=0.00s Real=0.00s
[20.346s][info][gc,start    ] GC(55) Pause Young (Normal) (G1 Evacuation Pause)
[20.346s][info][gc,task     ] GC(55) Using 8 workers of 8 for evacuation
[20.347s][info][gc,phases   ] GC(55)   Pre Evacuate Collection Set: 0.2ms
[20.348s][info][gc,phases   ] GC(55)   Merge Heap Roots: 0.2ms
[20.348s][info][gc,phases   ] GC(55)   Evacuate Collection Set: 0.1ms
[20.348s][info][gc,phases   ] GC(55)   Post Evacuate Collection Set: 0.7ms
[20.348s][info][gc,phases   ] GC(55)   Other: 0.2ms
[20.348s][info][gc,heap     ] GC(55) Eden regions: 75->0(75)
[20.348s][info][gc,heap     ] GC(55) Survivor regions: 1->1(10)
[20.348s][info][gc,heap     ] GC(55) Old regions: 3->3
[20.348s][info][gc,heap     ] GC(55) Archive regions: 0->0
[20.348s][info][gc,heap     ] GC(55) Humongous regions: 0->0
[20.348s][info][gc,metaspace] GC(55) Metaspace: 8516K(8704K)->8516K(8704K) NonClass: 7632K(7744K)->7632K(7744K) Class: 883K(960K)->883K(960K)
[20.348s][info][gc          ] GC(55) Pause Young (Normal) (G1 Evacuation Pause) 311M->11M(512M) 1.877ms
[20.348s][info][gc,cpu      ] GC(55) User=0.00s Sys=0.00s Real=0.00s
[20.709s][info][gc,start    ] GC(56) Pause Young (Normal) (G1 Evacuation Pause)
[20.709s][info][gc,task     ] GC(56) Using 8 workers of 8 for evacuation
[20.710s][info][gc,phases   ] GC(56)   Pre Evacuate Collection Set: 0.1ms
[20.710s][info][gc,phases   ] GC(56)   Merge Heap Roots: 0.2ms
[20.710s][info][gc,phases   ] GC(56)   Evacuate Collection Set: 0.3ms
[20.710s][info][gc,phases   ] GC(56)   Post Evacuate Collection Set: 0.5ms
[20.710s][info][gc,phases   ] GC(56)   Other: 0.2ms
[20.710s][info][gc,heap     ] GC(56) Eden regions: 75->0(75)
[20.710s][info][gc,heap     ] GC(56) Survivor regions: 1->1(10)
[20.710s][info][gc,heap     ] GC(56) Old regions: 3->3
[20.710s][info][gc,heap     ] GC(56) Archive regions: 0->0
[20.710s][info][gc,heap     ] GC(56) Humongous regions: 0->0
[20.710s][info][gc,metaspace] GC(56) Metaspace: 8531K(8704K)->8531K(8704K) NonClass: 7645K(7744K)->7645K(7744K) Class: 886K(960K)->886K(960K)
[20.710s][info][gc          ] GC(56) Pause Young (Normal) (G1 Evacuation Pause) 311M->11M(512M) 1.558ms
[20.710s][info][gc,cpu      ] GC(56) User=0.00s Sys=0.00s Real=0.00s
[21.049s][info][gc,start    ] GC(57) Pause Young (Normal) (G1 Evacuation Pause)
[21.049s][info][gc,task     ] GC(57) Using 8 workers of 8 for evacuation
[21.050s][info][gc,phases   ] GC(57)   Pre Evacuate Collection Set: 0.2ms
[21.051s][info][gc,phases   ] GC(57)   Merge Heap Roots: 0.2ms
[21.051s][info][gc,phases   ] GC(57)   Evacuate Collection Set: 0.3ms
[21.051s][info][gc,phases   ] GC(57)   Post Evacuate Collection Set: 0.7ms
[21.051s][info][gc,phases   ] GC(57)   Other: 0.2ms
[21.051s][info][gc,heap     ] GC(57) Eden regions: 75->0(75)
[21.051s][info][gc,heap     ] GC(57) Survivor regions: 1->1(10)
[21.051s][info][gc,heap     ] GC(57) Old regions: 3->3
[21.051s][info][gc,heap     ] GC(57) Archive regions: 0->0
[21.051s][info][gc,heap     ] GC(57) Humongous regions: 0->0
[21.051s][info][gc,metaspace] GC(57) Metaspace: 8541K(8704K)->8541K(8704K) NonClass: 7654K(7744K)->7654K(7744K) Class: 886K(960K)->886K(960K)
[21.051s][info][gc          ] GC(57) Pause Young (Normal) (G1 Evacuation Pause) 311M->11M(512M) 1.813ms
[21.051s][info][gc,cpu      ] GC(57) User=0.00s Sys=0.00s Real=0.00s
[21.415s][info][gc,start    ] GC(58) Pause Young (Normal) (G1 Evacuation Pause)
[21.415s][info][gc,task     ] GC(58) Using 8 workers of 8 for evacuation
[21.416s][info][gc,phases   ] GC(58)   Pre Evacuate Collection Set: 0.1ms
[21.416s][info][gc,phases   ] GC(58)   Merge Heap Roots: 0.2ms
[21.416s][info][gc,phases   ] GC(58)   Evacuate Collection Set: 0.3ms
[21.416s][info][gc,phases   ] GC(58)   Post Evacuate Collection Set: 0.7ms
[21.416s][info][gc,phases   ] GC(58)   Other: 0.2ms
[21.416s][info][gc,heap     ] GC(58) Eden regions: 75->0(75)
[21.416s][info][gc,heap     ] GC(58) Survivor regions: 1->1(10)
[21.416s][info][gc,heap     ] GC(58) Old regions: 3->3
[21.416s][info][gc,heap     ] GC(58) Archive regions: 0->0
[21.417s][info][gc,heap     ] GC(58) Humongous regions: 0->0
[21.417s][info][gc,metaspace] GC(58) Metaspace: 8544K(8704K)->8544K(8704K) NonClass: 7658K(7744K)->7658K(7744K) Class: 886K(960K)->886K(960K)
[21.417s][info][gc          ] GC(58) Pause Young (Normal) (G1 Evacuation Pause) 311M->11M(512M) 1.703ms
[21.417s][info][gc,cpu      ] GC(58) User=0.00s Sys=0.00s Real=0.00s
[21.781s][info][gc,start    ] GC(59) Pause Young (Normal) (G1 Evacuation Pause)
[21.781s][info][gc,task     ] GC(59) Using 8 workers of 8 for evacuation
[21.782s][info][gc,phases   ] GC(59)   Pre Evacuate Collection Set: 0.2ms
[21.782s][info][gc,phases   ] GC(59)   Merge Heap Roots: 0.2ms
[21.782s][info][gc,phases   ] GC(59)   Evacuate Collection Set: 0.3ms
[21.782s][info][gc,phases   ] GC(59)   Post Evacuate Collection Set: 0.7ms
[21.782s][info][gc,phases   ] GC(59)   Other: 0.1ms
[21.782s][info][gc,heap     ] GC(59) Eden regions: 75->0(75)
[21.782s][info][gc,heap     ] GC(59) Survivor regions: 1->1(10)
[21.782s][info][gc,heap     ] GC(59) Old regions: 3->3
[21.782s][info][gc,heap     ] GC(59) Archive regions: 0->0
[21.782s][info][gc,heap     ] GC(59) Humongous regions: 0->0
[21.782s][info][gc,metaspace] GC(59) Metaspace: 8547K(8704K)->8547K(8704K) NonClass: 7660K(7744K)->7660K(7744K) Class: 886K(960K)->886K(960K)
[21.783s][info][gc          ] GC(59) Pause Young (Normal) (G1 Evacuation Pause) 311M->11M(512M) 1.707ms
[21.783s][info][gc,cpu      ] GC(59) User=0.00s Sys=0.00s Real=0.00s
[22.129s][info][gc,start    ] GC(60) Pause Young (Normal) (G1 Evacuation Pause)
[22.129s][info][gc,task     ] GC(60) Using 8 workers of 8 for evacuation
[22.131s][info][gc,phases   ] GC(60)   Pre Evacuate Collection Set: 0.2ms
[22.131s][info][gc,phases   ] GC(60)   Merge Heap Roots: 0.2ms
[22.131s][info][gc,phases   ] GC(60)   Evacuate Collection Set: 0.3ms
[22.131s][info][gc,phases   ] GC(60)   Post Evacuate Collection Set: 0.6ms
[22.131s][info][gc,phases   ] GC(60)   Other: 0.2ms
[22.131s][info][gc,heap     ] GC(60) Eden regions: 75->0(75)
[22.131s][info][gc,heap     ] GC(60) Survivor regions: 1->1(10)
[22.131s][info][gc,heap     ] GC(60) Old regions: 3->3
[22.131s][info][gc,heap     ] GC(60) Archive regions: 0->0
[22.131s][info][gc,heap     ] GC(60) Humongous regions: 0->0
[22.131s][info][gc,metaspace] GC(60) Metaspace: 8548K(8704K)->8548K(8704K) NonClass: 7662K(7744K)->7662K(7744K) Class: 886K(960K)->886K(960K)
[22.131s][info][gc          ] GC(60) Pause Young (Normal) (G1 Evacuation Pause) 311M->11M(512M) 1.704ms
[22.131s][info][gc,cpu      ] GC(60) User=0.00s Sys=0.00s Real=0.00s
[22.493s][info][gc,start    ] GC(61) Pause Young (Normal) (G1 Evacuation Pause)
[22.493s][info][gc,task     ] GC(61) Using 8 workers of 8 for evacuation
[22.494s][info][gc,phases   ] GC(61)   Pre Evacuate Collection Set: 0.2ms
[22.494s][info][gc,phases   ] GC(61)   Merge Heap Roots: 0.2ms
[22.494s][info][gc,phases   ] GC(61)   Evacuate Collection Set: 0.2ms
[22.494s][info][gc,phases   ] GC(61)   Post Evacuate Collection Set: 0.7ms
[22.494s][info][gc,phases   ] GC(61)   Other: 0.2ms
[22.494s][info][gc,heap     ] GC(61) Eden regions: 75->0(75)
[22.494s][info][gc,heap     ] GC(61) Survivor regions: 1->1(10)
[22.494s][info][gc,heap     ] GC(61) Old regions: 3->3
[22.494s][info][gc,heap     ] GC(61) Archive regions: 0->0
[22.494s][info][gc,heap     ] GC(61) Humongous regions: 0->0
[22.495s][info][gc,metaspace] GC(61) Metaspace: 8548K(8704K)->8548K(8704K) NonClass: 7662K(7744K)->7662K(7744K) Class: 886K(960K)->886K(960K)
[22.495s][info][gc          ] GC(61) Pause Young (Normal) (G1 Evacuation Pause) 311M->11M(512M) 1.660ms
[22.495s][info][gc,cpu      ] GC(61) User=0.00s Sys=0.00s Real=0.00s
[22.852s][info][gc,start    ] GC(62) Pause Young (Normal) (G1 Evacuation Pause)
[22.852s][info][gc,task     ] GC(62) Using 8 workers of 8 for evacuation
[22.853s][info][gc,phases   ] GC(62)   Pre Evacuate Collection Set: 0.1ms
[22.853s][info][gc,phases   ] GC(62)   Merge Heap Roots: 0.1ms
[22.853s][info][gc,phases   ] GC(62)   Evacuate Collection Set: 0.1ms
[22.853s][info][gc,phases   ] GC(62)   Post Evacuate Collection Set: 0.5ms
[22.853s][info][gc,phases   ] GC(62)   Other: 0.2ms
[22.853s][info][gc,heap     ] GC(62) Eden regions: 75->0(75)
[22.853s][info][gc,heap     ] GC(62) Survivor regions: 1->1(10)
[22.853s][info][gc,heap     ] GC(62) Old regions: 3->3
[22.853s][info][gc,heap     ] GC(62) Archive regions: 0->0
[22.853s][info][gc,heap     ] GC(62) Humongous regions: 0->0
[22.853s][info][gc,metaspace] GC(62) Metaspace: 8548K(8704K)->8548K(8704K) NonClass: 7662K(7744K)->7662K(7744K) Class: 886K(960K)->886K(960K)
[22.853s][info][gc          ] GC(62) Pause Young (Normal) (G1 Evacuation Pause) 311M->11M(512M) 1.325ms
[22.853s][info][gc,cpu      ] GC(62) User=0.00s Sys=0.00s Real=0.00s
[23.201s][info][gc,start    ] GC(63) Pause Young (Normal) (G1 Evacuation Pause)
[23.201s][info][gc,task     ] GC(63) Using 8 workers of 8 for evacuation
[23.202s][info][gc,phases   ] GC(63)   Pre Evacuate Collection Set: 0.2ms
[23.202s][info][gc,phases   ] GC(63)   Merge Heap Roots: 0.2ms
[23.202s][info][gc,phases   ] GC(63)   Evacuate Collection Set: 0.3ms
[23.202s][info][gc,phases   ] GC(63)   Post Evacuate Collection Set: 0.7ms
[23.202s][info][gc,phases   ] GC(63)   Other: 0.1ms
[23.202s][info][gc,heap     ] GC(63) Eden regions: 75->0(75)
[23.202s][info][gc,heap     ] GC(63) Survivor regions: 1->1(10)
[23.203s][info][gc,heap     ] GC(63) Old regions: 3->3
[23.203s][info][gc,heap     ] GC(63) Archive regions: 0->0
[23.203s][info][gc,heap     ] GC(63) Humongous regions: 0->0
[23.203s][info][gc,metaspace] GC(63) Metaspace: 8562K(8768K)->8562K(8768K) NonClass: 7676K(7808K)->7676K(7808K) Class: 886K(960K)->886K(960K)
[23.203s][info][gc          ] GC(63) Pause Young (Normal) (G1 Evacuation Pause) 311M->11M(512M) 2.096ms
[23.203s][info][gc,cpu      ] GC(63) User=0.00s Sys=0.00s Real=0.00s
[23.572s][info][gc,start    ] GC(64) Pause Young (Normal) (G1 Evacuation Pause)
[23.572s][info][gc,task     ] GC(64) Using 8 workers of 8 for evacuation
[23.574s][info][gc,phases   ] GC(64)   Pre Evacuate Collection Set: 0.2ms
[23.574s][info][gc,phases   ] GC(64)   Merge Heap Roots: 0.2ms
[23.574s][info][gc,phases   ] GC(64)   Evacuate Collection Set: 0.4ms
[23.574s][info][gc,phases   ] GC(64)   Post Evacuate Collection Set: 0.7ms
[23.574s][info][gc,phases   ] GC(64)   Other: 0.2ms
[23.574s][info][gc,heap     ] GC(64) Eden regions: 75->0(75)
[23.574s][info][gc,heap     ] GC(64) Survivor regions: 1->1(10)
[23.574s][info][gc,heap     ] GC(64) Old regions: 3->3
[23.574s][info][gc,heap     ] GC(64) Archive regions: 0->0
[23.574s][info][gc,heap     ] GC(64) Humongous regions: 0->0
[23.574s][info][gc,metaspace] GC(64) Metaspace: 8563K(8768K)->8563K(8768K) NonClass: 7676K(7808K)->7676K(7808K) Class: 886K(960K)->886K(960K)
[23.574s][info][gc          ] GC(64) Pause Young (Normal) (G1 Evacuation Pause) 311M->11M(512M) 1.802ms
[23.574s][info][gc,cpu      ] GC(64) User=0.00s Sys=0.00s Real=0.00s
[23.936s][info][gc,start    ] GC(65) Pause Young (Normal) (G1 Evacuation Pause)
[23.937s][info][gc,task     ] GC(65) Using 8 workers of 8 for evacuation
[23.938s][info][gc,phases   ] GC(65)   Pre Evacuate Collection Set: 0.1ms
[23.938s][info][gc,phases   ] GC(65)   Merge Heap Roots: 0.1ms
[23.938s][info][gc,phases   ] GC(65)   Evacuate Collection Set: 0.2ms
[23.938s][info][gc,phases   ] GC(65)   Post Evacuate Collection Set: 0.5ms
[23.938s][info][gc,phases   ] GC(65)   Other: 0.4ms
[23.938s][info][gc,heap     ] GC(65) Eden regions: 75->0(75)
[23.938s][info][gc,heap     ] GC(65) Survivor regions: 1->1(10)
[23.938s][info][gc,heap     ] GC(65) Old regions: 3->3
[23.938s][info][gc,heap     ] GC(65) Archive regions: 0->0
[23.938s][info][gc,heap     ] GC(65) Humongous regions: 0->0
[23.938s][info][gc,metaspace] GC(65) Metaspace: 8563K(8768K)->8563K(8768K) NonClass: 7676K(7808K)->7676K(7808K) Class: 886K(960K)->886K(960K)
[23.938s][info][gc          ] GC(65) Pause Young (Normal) (G1 Evacuation Pause) 311M->11M(512M) 1.688ms
[23.938s][info][gc,cpu      ] GC(65) User=0.00s Sys=0.00s Real=0.00s
[24.300s][info][gc,start    ] GC(66) Pause Young (Normal) (G1 Evacuation Pause)
[24.300s][info][gc,task     ] GC(66) Using 8 workers of 8 for evacuation
[24.301s][info][gc,phases   ] GC(66)   Pre Evacuate Collection Set: 0.1ms
[24.302s][info][gc,phases   ] GC(66)   Merge Heap Roots: 0.1ms
[24.302s][info][gc,phases   ] GC(66)   Evacuate Collection Set: 0.2ms
[24.302s][info][gc,phases   ] GC(66)   Post Evacuate Collection Set: 0.5ms
[24.302s][info][gc,phases   ] GC(66)   Other: 0.1ms
[24.302s][info][gc,heap     ] GC(66) Eden regions: 75->0(75)
[24.302s][info][gc,heap     ] GC(66) Survivor regions: 1->1(10)
[24.302s][info][gc,heap     ] GC(66) Old regions: 3->3
[24.302s][info][gc,heap     ] GC(66) Archive regions: 0->0
[24.302s][info][gc,heap     ] GC(66) Humongous regions: 0->0
[24.302s][info][gc,metaspace] GC(66) Metaspace: 8563K(8768K)->8563K(8768K) NonClass: 7676K(7808K)->7676K(7808K) Class: 886K(960K)->886K(960K)
[24.302s][info][gc          ] GC(66) Pause Young (Normal) (G1 Evacuation Pause) 311M->11M(512M) 1.521ms
[24.302s][info][gc,cpu      ] GC(66) User=0.00s Sys=0.00s Real=0.00s
[24.677s][info][gc,start    ] GC(67) Pause Young (Normal) (G1 Evacuation Pause)
[24.678s][info][gc,task     ] GC(67) Using 8 workers of 8 for evacuation
[24.679s][info][gc,phases   ] GC(67)   Pre Evacuate Collection Set: 0.1ms
[24.679s][info][gc,phases   ] GC(67)   Merge Heap Roots: 0.1ms
[24.679s][info][gc,phases   ] GC(67)   Evacuate Collection Set: 0.2ms
[24.679s][info][gc,phases   ] GC(67)   Post Evacuate Collection Set: 0.5ms
[24.679s][info][gc,phases   ] GC(67)   Other: 0.2ms
[24.679s][info][gc,heap     ] GC(67) Eden regions: 75->0(75)
[24.679s][info][gc,heap     ] GC(67) Survivor regions: 1->1(10)
[24.679s][info][gc,heap     ] GC(67) Old regions: 3->3
[24.679s][info][gc,heap     ] GC(67) Archive regions: 0->0
[24.679s][info][gc,heap     ] GC(67) Humongous regions: 0->0
[24.679s][info][gc,metaspace] GC(67) Metaspace: 8563K(8768K)->8563K(8768K) NonClass: 7676K(7808K)->7676K(7808K) Class: 886K(960K)->886K(960K)
[24.679s][info][gc          ] GC(67) Pause Young (Normal) (G1 Evacuation Pause) 311M->11M(512M) 1.416ms
[24.679s][info][gc,cpu      ] GC(67) User=0.00s Sys=0.02s Real=0.00s
[25.048s][info][gc,start    ] GC(68) Pause Young (Normal) (G1 Evacuation Pause)
[25.048s][info][gc,task     ] GC(68) Using 8 workers of 8 for evacuation
[25.050s][info][gc,phases   ] GC(68)   Pre Evacuate Collection Set: 0.2ms
[25.050s][info][gc,phases   ] GC(68)   Merge Heap Roots: 0.2ms
[25.050s][info][gc,phases   ] GC(68)   Evacuate Collection Set: 0.3ms
[25.050s][info][gc,phases   ] GC(68)   Post Evacuate Collection Set: 0.5ms
[25.050s][info][gc,phases   ] GC(68)   Other: 0.2ms
[25.050s][info][gc,heap     ] GC(68) Eden regions: 75->0(75)
[25.050s][info][gc,heap     ] GC(68) Survivor regions: 1->1(10)
[25.050s][info][gc,heap     ] GC(68) Old regions: 3->3
[25.050s][info][gc,heap     ] GC(68) Archive regions: 0->0
[25.050s][info][gc,heap     ] GC(68) Humongous regions: 0->0
[25.050s][info][gc,metaspace] GC(68) Metaspace: 8563K(8768K)->8563K(8768K) NonClass: 7676K(7808K)->7676K(7808K) Class: 886K(960K)->886K(960K)
[25.050s][info][gc          ] GC(68) Pause Young (Normal) (G1 Evacuation Pause) 311M->11M(512M) 1.580ms
[25.050s][info][gc,cpu      ] GC(68) User=0.00s Sys=0.00s Real=0.00s
[25.393s][info][gc,start    ] GC(69) Pause Young (Normal) (G1 Evacuation Pause)
[25.393s][info][gc,task     ] GC(69) Using 8 workers of 8 for evacuation
[25.395s][info][gc,phases   ] GC(69)   Pre Evacuate Collection Set: 0.2ms
[25.395s][info][gc,phases   ] GC(69)   Merge Heap Roots: 0.1ms
[25.395s][info][gc,phases   ] GC(69)   Evacuate Collection Set: 0.2ms
[25.395s][info][gc,phases   ] GC(69)   Post Evacuate Collection Set: 0.6ms
[25.395s][info][gc,phases   ] GC(69)   Other: 0.2ms
[25.395s][info][gc,heap     ] GC(69) Eden regions: 75->0(75)
[25.395s][info][gc,heap     ] GC(69) Survivor regions: 1->1(10)
[25.395s][info][gc,heap     ] GC(69) Old regions: 3->3
[25.395s][info][gc,heap     ] GC(69) Archive regions: 0->0
[25.395s][info][gc,heap     ] GC(69) Humongous regions: 0->0
[25.395s][info][gc,metaspace] GC(69) Metaspace: 8563K(8768K)->8563K(8768K) NonClass: 7676K(7808K)->7676K(7808K) Class: 886K(960K)->886K(960K)
[25.395s][info][gc          ] GC(69) Pause Young (Normal) (G1 Evacuation Pause) 311M->11M(512M) 1.812ms
[25.395s][info][gc,cpu      ] GC(69) User=0.00s Sys=0.00s Real=0.00s
[25.763s][info][gc,start    ] GC(70) Pause Young (Normal) (G1 Evacuation Pause)
[25.763s][info][gc,task     ] GC(70) Using 8 workers of 8 for evacuation
[25.764s][info][gc,phases   ] GC(70)   Pre Evacuate Collection Set: 0.1ms
[25.764s][info][gc,phases   ] GC(70)   Merge Heap Roots: 0.1ms
[25.764s][info][gc,phases   ] GC(70)   Evacuate Collection Set: 0.2ms
[25.764s][info][gc,phases   ] GC(70)   Post Evacuate Collection Set: 0.5ms
[25.764s][info][gc,phases   ] GC(70)   Other: 0.2ms
[25.764s][info][gc,heap     ] GC(70) Eden regions: 75->0(75)
[25.764s][info][gc,heap     ] GC(70) Survivor regions: 1->1(10)
[25.764s][info][gc,heap     ] GC(70) Old regions: 3->3
[25.764s][info][gc,heap     ] GC(70) Archive regions: 0->0
[25.764s][info][gc,heap     ] GC(70) Humongous regions: 0->0
[25.764s][info][gc,metaspace] GC(70) Metaspace: 8563K(8768K)->8563K(8768K) NonClass: 7676K(7808K)->7676K(7808K) Class: 886K(960K)->886K(960K)
[25.764s][info][gc          ] GC(70) Pause Young (Normal) (G1 Evacuation Pause) 311M->11M(512M) 1.396ms
[25.764s][info][gc,cpu      ] GC(70) User=0.00s Sys=0.00s Real=0.00s
[26.130s][info][gc,start    ] GC(71) Pause Young (Normal) (G1 Evacuation Pause)
[26.130s][info][gc,task     ] GC(71) Using 8 workers of 8 for evacuation
[26.130s][info][gc,phases   ] GC(71)   Pre Evacuate Collection Set: 0.1ms
[26.130s][info][gc,phases   ] GC(71)   Merge Heap Roots: 0.1ms
[26.130s][info][gc,phases   ] GC(71)   Evacuate Collection Set: 0.1ms
[26.131s][info][gc,phases   ] GC(71)   Post Evacuate Collection Set: 0.4ms
[26.131s][info][gc,phases   ] GC(71)   Other: 0.2ms
[26.131s][info][gc,heap     ] GC(71) Eden regions: 75->0(75)
[26.131s][info][gc,heap     ] GC(71) Survivor regions: 1->1(10)
[26.131s][info][gc,heap     ] GC(71) Old regions: 3->3
[26.131s][info][gc,heap     ] GC(71) Archive regions: 0->0
[26.131s][info][gc,heap     ] GC(71) Humongous regions: 0->0
[26.131s][info][gc,metaspace] GC(71) Metaspace: 8563K(8768K)->8563K(8768K) NonClass: 7676K(7808K)->7676K(7808K) Class: 886K(960K)->886K(960K)
[26.131s][info][gc          ] GC(71) Pause Young (Normal) (G1 Evacuation Pause) 311M->11M(512M) 1.120ms
[26.131s][info][gc,cpu      ] GC(71) User=0.00s Sys=0.00s Real=0.00s
[26.492s][info][gc,start    ] GC(72) Pause Young (Normal) (G1 Evacuation Pause)
[26.492s][info][gc,task     ] GC(72) Using 8 workers of 8 for evacuation
[26.493s][info][gc,phases   ] GC(72)   Pre Evacuate Collection Set: 0.1ms
[26.493s][info][gc,phases   ] GC(72)   Merge Heap Roots: 0.1ms
[26.493s][info][gc,phases   ] GC(72)   Evacuate Collection Set: 0.1ms
[26.493s][info][gc,phases   ] GC(72)   Post Evacuate Collection Set: 0.2ms
[26.493s][info][gc,phases   ] GC(72)   Other: 0.2ms
[26.493s][info][gc,heap     ] GC(72) Eden regions: 75->0(75)
[26.493s][info][gc,heap     ] GC(72) Survivor regions: 1->1(10)
[26.493s][info][gc,heap     ] GC(72) Old regions: 3->3
[26.493s][info][gc,heap     ] GC(72) Archive regions: 0->0
[26.493s][info][gc,heap     ] GC(72) Humongous regions: 0->0
[26.493s][info][gc,metaspace] GC(72) Metaspace: 8563K(8768K)->8563K(8768K) NonClass: 7676K(7808K)->7676K(7808K) Class: 886K(960K)->886K(960K)
[26.493s][info][gc          ] GC(72) Pause Young (Normal) (G1 Evacuation Pause) 311M->11M(512M) 1.145ms
[26.493s][info][gc,cpu      ] GC(72) User=0.00s Sys=0.00s Real=0.00s
[26.877s][info][gc,start    ] GC(73) Pause Young (Normal) (G1 Evacuation Pause)
[26.877s][info][gc,task     ] GC(73) Using 8 workers of 8 for evacuation
[26.877s][info][gc,phases   ] GC(73)   Pre Evacuate Collection Set: 0.1ms
[26.877s][info][gc,phases   ] GC(73)   Merge Heap Roots: 0.1ms
[26.877s][info][gc,phases   ] GC(73)   Evacuate Collection Set: 0.1ms
[26.877s][info][gc,phases   ] GC(73)   Post Evacuate Collection Set: 0.3ms
[26.877s][info][gc,phases   ] GC(73)   Other: 0.1ms
[26.877s][info][gc,heap     ] GC(73) Eden regions: 75->0(75)
[26.877s][info][gc,heap     ] GC(73) Survivor regions: 1->1(10)
[26.877s][info][gc,heap     ] GC(73) Old regions: 3->3
[26.877s][info][gc,heap     ] GC(73) Archive regions: 0->0
[26.877s][info][gc,heap     ] GC(73) Humongous regions: 0->0
[26.877s][info][gc,metaspace] GC(73) Metaspace: 8563K(8768K)->8563K(8768K) NonClass: 7676K(7808K)->7676K(7808K) Class: 886K(960K)->886K(960K)
[26.877s][info][gc          ] GC(73) Pause Young (Normal) (G1 Evacuation Pause) 311M->11M(512M) 0.911ms
[26.877s][info][gc,cpu      ] GC(73) User=0.00s Sys=0.00s Real=0.00s
[27.240s][info][gc,start    ] GC(74) Pause Young (Normal) (G1 Evacuation Pause)
[27.240s][info][gc,task     ] GC(74) Using 8 workers of 8 for evacuation
[27.241s][info][gc,phases   ] GC(74)   Pre Evacuate Collection Set: 0.1ms
[27.241s][info][gc,phases   ] GC(74)   Merge Heap Roots: 0.2ms
[27.241s][info][gc,phases   ] GC(74)   Evacuate Collection Set: 0.1ms
[27.241s][info][gc,phases   ] GC(74)   Post Evacuate Collection Set: 0.5ms
[27.241s][info][gc,phases   ] GC(74)   Other: 0.1ms
[27.241s][info][gc,heap     ] GC(74) Eden regions: 75->0(75)
[27.241s][info][gc,heap     ] GC(74) Survivor regions: 1->1(10)
[27.242s][info][gc,heap     ] GC(74) Old regions: 3->3
[27.242s][info][gc,heap     ] GC(74) Archive regions: 0->0
[27.242s][info][gc,heap     ] GC(74) Humongous regions: 0->0
[27.242s][info][gc,metaspace] GC(74) Metaspace: 8563K(8768K)->8563K(8768K) NonClass: 7676K(7808K)->7676K(7808K) Class: 886K(960K)->886K(960K)
[27.242s][info][gc          ] GC(74) Pause Young (Normal) (G1 Evacuation Pause) 311M->11M(512M) 1.262ms
[27.242s][info][gc,cpu      ] GC(74) User=0.02s Sys=0.00s Real=0.00s
[27.601s][info][gc,start    ] GC(75) Pause Young (Normal) (G1 Evacuation Pause)
[27.601s][info][gc,task     ] GC(75) Using 8 workers of 8 for evacuation
[27.601s][info][gc,phases   ] GC(75)   Pre Evacuate Collection Set: 0.0ms
[27.602s][info][gc,phases   ] GC(75)   Merge Heap Roots: 0.1ms
[27.602s][info][gc,phases   ] GC(75)   Evacuate Collection Set: 0.1ms
[27.602s][info][gc,phases   ] GC(75)   Post Evacuate Collection Set: 0.3ms
[27.602s][info][gc,phases   ] GC(75)   Other: 0.2ms
[27.602s][info][gc,heap     ] GC(75) Eden regions: 75->0(75)
[27.602s][info][gc,heap     ] GC(75) Survivor regions: 1->1(10)
[27.602s][info][gc,heap     ] GC(75) Old regions: 3->3
[27.602s][info][gc,heap     ] GC(75) Archive regions: 0->0
[27.602s][info][gc,heap     ] GC(75) Humongous regions: 0->0
[27.602s][info][gc,metaspace] GC(75) Metaspace: 8563K(8768K)->8563K(8768K) NonClass: 7676K(7808K)->7676K(7808K) Class: 886K(960K)->886K(960K)
[27.602s][info][gc          ] GC(75) Pause Young (Normal) (G1 Evacuation Pause) 311M->11M(512M) 1.164ms
[27.602s][info][gc,cpu      ] GC(75) User=0.02s Sys=0.00s Real=0.00s
[27.968s][info][gc,start    ] GC(76) Pause Young (Normal) (G1 Evacuation Pause)
[27.968s][info][gc,task     ] GC(76) Using 8 workers of 8 for evacuation
[27.969s][info][gc,phases   ] GC(76)   Pre Evacuate Collection Set: 0.1ms
[27.969s][info][gc,phases   ] GC(76)   Merge Heap Roots: 0.2ms
[27.969s][info][gc,phases   ] GC(76)   Evacuate Collection Set: 0.3ms
[27.969s][info][gc,phases   ] GC(76)   Post Evacuate Collection Set: 0.3ms
[27.969s][info][gc,phases   ] GC(76)   Other: 0.2ms
[27.969s][info][gc,heap     ] GC(76) Eden regions: 75->0(75)
[27.969s][info][gc,heap     ] GC(76) Survivor regions: 1->1(10)
[27.969s][info][gc,heap     ] GC(76) Old regions: 3->3
[27.969s][info][gc,heap     ] GC(76) Archive regions: 0->0
[27.969s][info][gc,heap     ] GC(76) Humongous regions: 0->0
[27.969s][info][gc,metaspace] GC(76) Metaspace: 8563K(8768K)->8563K(8768K) NonClass: 7676K(7808K)->7676K(7808K) Class: 886K(960K)->886K(960K)
[27.969s][info][gc          ] GC(76) Pause Young (Normal) (G1 Evacuation Pause) 311M->11M(512M) 1.554ms
[27.969s][info][gc,cpu      ] GC(76) User=0.00s Sys=0.00s Real=0.00s
[28.334s][info][gc,start    ] GC(77) Pause Young (Normal) (G1 Evacuation Pause)
[28.334s][info][gc,task     ] GC(77) Using 8 workers of 8 for evacuation
[28.335s][info][gc,phases   ] GC(77)   Pre Evacuate Collection Set: 0.1ms
[28.335s][info][gc,phases   ] GC(77)   Merge Heap Roots: 0.1ms
[28.335s][info][gc,phases   ] GC(77)   Evacuate Collection Set: 0.2ms
[28.335s][info][gc,phases   ] GC(77)   Post Evacuate Collection Set: 0.4ms
[28.335s][info][gc,phases   ] GC(77)   Other: 0.2ms
[28.335s][info][gc,heap     ] GC(77) Eden regions: 75->0(75)
[28.335s][info][gc,heap     ] GC(77) Survivor regions: 1->1(10)
[28.335s][info][gc,heap     ] GC(77) Old regions: 3->3
[28.335s][info][gc,heap     ] GC(77) Archive regions: 0->0
[28.335s][info][gc,heap     ] GC(77) Humongous regions: 0->0
[28.335s][info][gc,metaspace] GC(77) Metaspace: 8563K(8768K)->8563K(8768K) NonClass: 7676K(7808K)->7676K(7808K) Class: 886K(960K)->886K(960K)
[28.336s][info][gc          ] GC(77) Pause Young (Normal) (G1 Evacuation Pause) 311M->11M(512M) 1.353ms
[28.336s][info][gc,cpu      ] GC(77) User=0.02s Sys=0.00s Real=0.00s
[28.697s][info][gc,start    ] GC(78) Pause Young (Normal) (G1 Evacuation Pause)
[28.697s][info][gc,task     ] GC(78) Using 8 workers of 8 for evacuation
[28.698s][info][gc,phases   ] GC(78)   Pre Evacuate Collection Set: 0.2ms
[28.698s][info][gc,phases   ] GC(78)   Merge Heap Roots: 0.2ms
[28.698s][info][gc,phases   ] GC(78)   Evacuate Collection Set: 0.3ms
[28.698s][info][gc,phases   ] GC(78)   Post Evacuate Collection Set: 0.8ms
[28.698s][info][gc,phases   ] GC(78)   Other: 0.1ms
[28.698s][info][gc,heap     ] GC(78) Eden regions: 75->0(75)
[28.698s][info][gc,heap     ] GC(78) Survivor regions: 1->1(10)
[28.698s][info][gc,heap     ] GC(78) Old regions: 3->3
[28.698s][info][gc,heap     ] GC(78) Archive regions: 0->0
[28.698s][info][gc,heap     ] GC(78) Humongous regions: 0->0
[28.698s][info][gc,metaspace] GC(78) Metaspace: 8563K(8768K)->8563K(8768K) NonClass: 7676K(7808K)->7676K(7808K) Class: 886K(960K)->886K(960K)
[28.698s][info][gc          ] GC(78) Pause Young (Normal) (G1 Evacuation Pause) 311M->11M(512M) 1.805ms
[28.698s][info][gc,cpu      ] GC(78) User=0.00s Sys=0.00s Real=0.00s
[29.046s][info][gc,start    ] GC(79) Pause Young (Normal) (G1 Evacuation Pause)
[29.046s][info][gc,task     ] GC(79) Using 8 workers of 8 for evacuation
[29.047s][info][gc,phases   ] GC(79)   Pre Evacuate Collection Set: 0.2ms
[29.047s][info][gc,phases   ] GC(79)   Merge Heap Roots: 0.1ms
[29.047s][info][gc,phases   ] GC(79)   Evacuate Collection Set: 0.1ms
[29.047s][info][gc,phases   ] GC(79)   Post Evacuate Collection Set: 0.8ms
[29.047s][info][gc,phases   ] GC(79)   Other: 0.2ms
[29.047s][info][gc,heap     ] GC(79) Eden regions: 75->0(75)
[29.047s][info][gc,heap     ] GC(79) Survivor regions: 1->1(10)
[29.047s][info][gc,heap     ] GC(79) Old regions: 3->3
[29.047s][info][gc,heap     ] GC(79) Archive regions: 0->0
[29.047s][info][gc,heap     ] GC(79) Humongous regions: 0->0
[29.047s][info][gc,metaspace] GC(79) Metaspace: 8563K(8768K)->8563K(8768K) NonClass: 7676K(7808K)->7676K(7808K) Class: 886K(960K)->886K(960K)
[29.047s][info][gc          ] GC(79) Pause Young (Normal) (G1 Evacuation Pause) 311M->11M(512M) 1.558ms
[29.047s][info][gc,cpu      ] GC(79) User=0.00s Sys=0.00s Real=0.00s
[29.405s][info][gc,start    ] GC(80) Pause Young (Normal) (G1 Evacuation Pause)
[29.405s][info][gc,task     ] GC(80) Using 8 workers of 8 for evacuation
[29.406s][info][gc,phases   ] GC(80)   Pre Evacuate Collection Set: 0.2ms
[29.406s][info][gc,phases   ] GC(80)   Merge Heap Roots: 0.2ms
[29.406s][info][gc,phases   ] GC(80)   Evacuate Collection Set: 0.1ms
[29.406s][info][gc,phases   ] GC(80)   Post Evacuate Collection Set: 0.5ms
[29.406s][info][gc,phases   ] GC(80)   Other: 0.2ms
[29.406s][info][gc,heap     ] GC(80) Eden regions: 75->0(75)
[29.406s][info][gc,heap     ] GC(80) Survivor regions: 1->1(10)
[29.406s][info][gc,heap     ] GC(80) Old regions: 3->3
[29.406s][info][gc,heap     ] GC(80) Archive regions: 0->0
[29.406s][info][gc,heap     ] GC(80) Humongous regions: 0->0
[29.406s][info][gc,metaspace] GC(80) Metaspace: 8563K(8768K)->8563K(8768K) NonClass: 7676K(7808K)->7676K(7808K) Class: 886K(960K)->886K(960K)
[29.406s][info][gc          ] GC(80) Pause Young (Normal) (G1 Evacuation Pause) 311M->11M(512M) 1.339ms
[29.406s][info][gc,cpu      ] GC(80) User=0.00s Sys=0.00s Real=0.00s
[29.748s][info][gc,start    ] GC(81) Pause Young (Normal) (G1 Evacuation Pause)
[29.748s][info][gc,task     ] GC(81) Using 8 workers of 8 for evacuation
[29.749s][info][gc,phases   ] GC(81)   Pre Evacuate Collection Set: 0.1ms
[29.749s][info][gc,phases   ] GC(81)   Merge Heap Roots: 0.2ms
[29.749s][info][gc,phases   ] GC(81)   Evacuate Collection Set: 0.3ms
[29.749s][info][gc,phases   ] GC(81)   Post Evacuate Collection Set: 0.8ms
[29.749s][info][gc,phases   ] GC(81)   Other: 0.2ms
[29.749s][info][gc,heap     ] GC(81) Eden regions: 75->0(75)
[29.749s][info][gc,heap     ] GC(81) Survivor regions: 1->1(10)
[29.749s][info][gc,heap     ] GC(81) Old regions: 3->3
[29.749s][info][gc,heap     ] GC(81) Archive regions: 0->0
[29.750s][info][gc,heap     ] GC(81) Humongous regions: 0->0
[29.750s][info][gc,metaspace] GC(81) Metaspace: 8563K(8768K)->8563K(8768K) NonClass: 7676K(7808K)->7676K(7808K) Class: 886K(960K)->886K(960K)
[29.750s][info][gc          ] GC(81) Pause Young (Normal) (G1 Evacuation Pause) 311M->11M(512M) 1.840ms
[29.750s][info][gc,cpu      ] GC(81) User=0.00s Sys=0.00s Real=0.00s
[30.096s][info][gc,start    ] GC(82) Pause Young (Normal) (G1 Evacuation Pause)
[30.096s][info][gc,task     ] GC(82) Using 8 workers of 8 for evacuation
[30.097s][info][gc,phases   ] GC(82)   Pre Evacuate Collection Set: 0.1ms
[30.097s][info][gc,phases   ] GC(82)   Merge Heap Roots: 0.1ms
[30.097s][info][gc,phases   ] GC(82)   Evacuate Collection Set: 0.1ms
[30.097s][info][gc,phases   ] GC(82)   Post Evacuate Collection Set: 0.5ms
[30.097s][info][gc,phases   ] GC(82)   Other: 0.2ms
[30.097s][info][gc,heap     ] GC(82) Eden regions: 75->0(75)
[30.097s][info][gc,heap     ] GC(82) Survivor regions: 1->1(10)
[30.097s][info][gc,heap     ] GC(82) Old regions: 3->3
[30.098s][info][gc,heap     ] GC(82) Archive regions: 0->0
[30.098s][info][gc,heap     ] GC(82) Humongous regions: 0->0
[30.098s][info][gc,metaspace] GC(82) Metaspace: 8563K(8768K)->8563K(8768K) NonClass: 7676K(7808K)->7676K(7808K) Class: 886K(960K)->886K(960K)
[30.098s][info][gc          ] GC(82) Pause Young (Normal) (G1 Evacuation Pause) 311M->11M(512M) 1.269ms
[30.098s][info][gc,cpu      ] GC(82) User=0.00s Sys=0.00s Real=0.00s
[30.450s][info][gc,start    ] GC(83) Pause Young (Normal) (G1 Evacuation Pause)
[30.450s][info][gc,task     ] GC(83) Using 8 workers of 8 for evacuation
[30.451s][info][gc,phases   ] GC(83)   Pre Evacuate Collection Set: 0.2ms
[30.451s][info][gc,phases   ] GC(83)   Merge Heap Roots: 0.2ms
[30.451s][info][gc,phases   ] GC(83)   Evacuate Collection Set: 0.1ms
[30.451s][info][gc,phases   ] GC(83)   Post Evacuate Collection Set: 0.7ms
[30.451s][info][gc,phases   ] GC(83)   Other: 0.1ms
[30.451s][info][gc,heap     ] GC(83) Eden regions: 75->0(75)
[30.451s][info][gc,heap     ] GC(83) Survivor regions: 1->1(10)
[30.451s][info][gc,heap     ] GC(83) Old regions: 3->3
[30.452s][info][gc,heap     ] GC(83) Archive regions: 0->0
[30.452s][info][gc,heap     ] GC(83) Humongous regions: 0->0
[30.452s][info][gc,metaspace] GC(83) Metaspace: 8563K(8768K)->8563K(8768K) NonClass: 7676K(7808K)->7676K(7808K) Class: 886K(960K)->886K(960K)
[30.452s][info][gc          ] GC(83) Pause Young (Normal) (G1 Evacuation Pause) 311M->11M(512M) 1.727ms
[30.452s][info][gc,cpu      ] GC(83) User=0.00s Sys=0.00s Real=0.00s
[30.796s][info][gc,start    ] GC(84) Pause Young (Normal) (G1 Evacuation Pause)
[30.796s][info][gc,task     ] GC(84) Using 8 workers of 8 for evacuation
[30.798s][info][gc,phases   ] GC(84)   Pre Evacuate Collection Set: 0.2ms
[30.798s][info][gc,phases   ] GC(84)   Merge Heap Roots: 0.2ms
[30.798s][info][gc,phases   ] GC(84)   Evacuate Collection Set: 0.3ms
[30.798s][info][gc,phases   ] GC(84)   Post Evacuate Collection Set: 0.7ms
[30.798s][info][gc,phases   ] GC(84)   Other: 0.2ms
[30.798s][info][gc,heap     ] GC(84) Eden regions: 75->0(75)
[30.798s][info][gc,heap     ] GC(84) Survivor regions: 1->1(10)
[30.798s][info][gc,heap     ] GC(84) Old regions: 3->3
[30.798s][info][gc,heap     ] GC(84) Archive regions: 0->0
[30.798s][info][gc,heap     ] GC(84) Humongous regions: 0->0
[30.798s][info][gc,metaspace] GC(84) Metaspace: 8563K(8768K)->8563K(8768K) NonClass: 7676K(7808K)->7676K(7808K) Class: 886K(960K)->886K(960K)
[30.798s][info][gc          ] GC(84) Pause Young (Normal) (G1 Evacuation Pause) 311M->11M(512M) 1.764ms
[30.798s][info][gc,cpu      ] GC(84) User=0.00s Sys=0.00s Real=0.00s
[31.148s][info][gc,start    ] GC(85) Pause Young (Normal) (G1 Evacuation Pause)
[31.148s][info][gc,task     ] GC(85) Using 8 workers of 8 for evacuation
[31.150s][info][gc,phases   ] GC(85)   Pre Evacuate Collection Set: 0.2ms
[31.150s][info][gc,phases   ] GC(85)   Merge Heap Roots: 0.2ms
[31.150s][info][gc,phases   ] GC(85)   Evacuate Collection Set: 0.1ms
[31.150s][info][gc,phases   ] GC(85)   Post Evacuate Collection Set: 0.7ms
[31.150s][info][gc,phases   ] GC(85)   Other: 0.1ms
[31.150s][info][gc,heap     ] GC(85) Eden regions: 75->0(75)
[31.150s][info][gc,heap     ] GC(85) Survivor regions: 1->1(10)
[31.150s][info][gc,heap     ] GC(85) Old regions: 3->3
[31.150s][info][gc,heap     ] GC(85) Archive regions: 0->0
[31.150s][info][gc,heap     ] GC(85) Humongous regions: 0->0
[31.150s][info][gc,metaspace] GC(85) Metaspace: 8563K(8768K)->8563K(8768K) NonClass: 7676K(7808K)->7676K(7808K) Class: 886K(960K)->886K(960K)
[31.150s][info][gc          ] GC(85) Pause Young (Normal) (G1 Evacuation Pause) 311M->11M(512M) 1.623ms
[31.150s][info][gc,cpu      ] GC(85) User=0.00s Sys=0.00s Real=0.00s
[31.509s][info][gc,start    ] GC(86) Pause Young (Normal) (G1 Evacuation Pause)
[31.509s][info][gc,task     ] GC(86) Using 8 workers of 8 for evacuation
[31.510s][info][gc,phases   ] GC(86)   Pre Evacuate Collection Set: 0.2ms
[31.510s][info][gc,phases   ] GC(86)   Merge Heap Roots: 0.2ms
[31.510s][info][gc,phases   ] GC(86)   Evacuate Collection Set: 0.1ms
[31.510s][info][gc,phases   ] GC(86)   Post Evacuate Collection Set: 0.6ms
[31.510s][info][gc,phases   ] GC(86)   Other: 0.2ms
[31.510s][info][gc,heap     ] GC(86) Eden regions: 75->0(75)
[31.510s][info][gc,heap     ] GC(86) Survivor regions: 1->1(10)
[31.510s][info][gc,heap     ] GC(86) Old regions: 3->3
[31.510s][info][gc,heap     ] GC(86) Archive regions: 0->0
[31.510s][info][gc,heap     ] GC(86) Humongous regions: 0->0
[31.510s][info][gc,metaspace] GC(86) Metaspace: 8563K(8768K)->8563K(8768K) NonClass: 7676K(7808K)->7676K(7808K) Class: 886K(960K)->886K(960K)
[31.511s][info][gc          ] GC(86) Pause Young (Normal) (G1 Evacuation Pause) 311M->11M(512M) 1.434ms
[31.511s][info][gc,cpu      ] GC(86) User=0.00s Sys=0.00s Real=0.00s
[31.861s][info][gc,start    ] GC(87) Pause Young (Normal) (G1 Evacuation Pause)
[31.861s][info][gc,task     ] GC(87) Using 8 workers of 8 for evacuation
[31.862s][info][gc,phases   ] GC(87)   Pre Evacuate Collection Set: 0.1ms
[31.862s][info][gc,phases   ] GC(87)   Merge Heap Roots: 0.2ms
[31.862s][info][gc,phases   ] GC(87)   Evacuate Collection Set: 0.3ms
[31.862s][info][gc,phases   ] GC(87)   Post Evacuate Collection Set: 0.7ms
[31.862s][info][gc,phases   ] GC(87)   Other: 0.1ms
[31.862s][info][gc,heap     ] GC(87) Eden regions: 75->0(75)
[31.862s][info][gc,heap     ] GC(87) Survivor regions: 1->1(10)
[31.862s][info][gc,heap     ] GC(87) Old regions: 3->3
[31.862s][info][gc,heap     ] GC(87) Archive regions: 0->0
[31.862s][info][gc,heap     ] GC(87) Humongous regions: 0->0
[31.862s][info][gc,metaspace] GC(87) Metaspace: 8563K(8768K)->8563K(8768K) NonClass: 7676K(7808K)->7676K(7808K) Class: 886K(960K)->886K(960K)
[31.862s][info][gc          ] GC(87) Pause Young (Normal) (G1 Evacuation Pause) 311M->11M(512M) 1.629ms
[31.862s][info][gc,cpu      ] GC(87) User=0.00s Sys=0.00s Real=0.00s
[32.217s][info][gc,start    ] GC(88) Pause Young (Normal) (G1 Evacuation Pause)
[32.217s][info][gc,task     ] GC(88) Using 8 workers of 8 for evacuation
[32.218s][info][gc,phases   ] GC(88)   Pre Evacuate Collection Set: 0.2ms
[32.218s][info][gc,phases   ] GC(88)   Merge Heap Roots: 0.2ms
[32.218s][info][gc,phases   ] GC(88)   Evacuate Collection Set: 0.1ms
[32.218s][info][gc,phases   ] GC(88)   Post Evacuate Collection Set: 0.8ms
[32.219s][info][gc,phases   ] GC(88)   Other: 0.1ms
[32.219s][info][gc,heap     ] GC(88) Eden regions: 75->0(75)
[32.219s][info][gc,heap     ] GC(88) Survivor regions: 1->1(10)
[32.219s][info][gc,heap     ] GC(88) Old regions: 3->3
[32.219s][info][gc,heap     ] GC(88) Archive regions: 0->0
[32.219s][info][gc,heap     ] GC(88) Humongous regions: 0->0
[32.219s][info][gc,metaspace] GC(88) Metaspace: 8563K(8768K)->8563K(8768K) NonClass: 7676K(7808K)->7676K(7808K) Class: 886K(960K)->886K(960K)
[32.219s][info][gc          ] GC(88) Pause Young (Normal) (G1 Evacuation Pause) 311M->11M(512M) 1.821ms
[32.219s][info][gc,cpu      ] GC(88) User=0.00s Sys=0.00s Real=0.00s
[32.575s][info][gc,start    ] GC(89) Pause Young (Normal) (G1 Evacuation Pause)
[32.575s][info][gc,task     ] GC(89) Using 8 workers of 8 for evacuation
[32.576s][info][gc,phases   ] GC(89)   Pre Evacuate Collection Set: 0.2ms
[32.576s][info][gc,phases   ] GC(89)   Merge Heap Roots: 0.1ms
[32.576s][info][gc,phases   ] GC(89)   Evacuate Collection Set: 0.1ms
[32.577s][info][gc,phases   ] GC(89)   Post Evacuate Collection Set: 0.7ms
[32.577s][info][gc,phases   ] GC(89)   Other: 0.1ms
[32.577s][info][gc,heap     ] GC(89) Eden regions: 75->0(75)
[32.577s][info][gc,heap     ] GC(89) Survivor regions: 1->1(10)
[32.577s][info][gc,heap     ] GC(89) Old regions: 3->3
[32.577s][info][gc,heap     ] GC(89) Archive regions: 0->0
[32.577s][info][gc,heap     ] GC(89) Humongous regions: 0->0
[32.577s][info][gc,metaspace] GC(89) Metaspace: 8563K(8768K)->8563K(8768K) NonClass: 7676K(7808K)->7676K(7808K) Class: 886K(960K)->886K(960K)
[32.577s][info][gc          ] GC(89) Pause Young (Normal) (G1 Evacuation Pause) 311M->11M(512M) 1.603ms
[32.577s][info][gc,cpu      ] GC(89) User=0.00s Sys=0.00s Real=0.00s
[32.918s][info][gc,start    ] GC(90) Pause Young (Normal) (G1 Evacuation Pause)
[32.918s][info][gc,task     ] GC(90) Using 8 workers of 8 for evacuation
[32.919s][info][gc,phases   ] GC(90)   Pre Evacuate Collection Set: 0.1ms
[32.919s][info][gc,phases   ] GC(90)   Merge Heap Roots: 0.1ms
[32.919s][info][gc,phases   ] GC(90)   Evacuate Collection Set: 0.2ms
[32.919s][info][gc,phases   ] GC(90)   Post Evacuate Collection Set: 0.4ms
[32.919s][info][gc,phases   ] GC(90)   Other: 0.2ms
[32.919s][info][gc,heap     ] GC(90) Eden regions: 75->0(75)
[32.919s][info][gc,heap     ] GC(90) Survivor regions: 1->1(10)
[32.919s][info][gc,heap     ] GC(90) Old regions: 3->3
[32.919s][info][gc,heap     ] GC(90) Archive regions: 0->0
[32.919s][info][gc,heap     ] GC(90) Humongous regions: 0->0
[32.919s][info][gc,metaspace] GC(90) Metaspace: 8563K(8768K)->8563K(8768K) NonClass: 7676K(7808K)->7676K(7808K) Class: 886K(960K)->886K(960K)
[32.919s][info][gc          ] GC(90) Pause Young (Normal) (G1 Evacuation Pause) 311M->11M(512M) 1.205ms
[32.919s][info][gc,cpu      ] GC(90) User=0.00s Sys=0.00s Real=0.00s
[33.268s][info][gc,start    ] GC(91) Pause Young (Normal) (G1 Evacuation Pause)
[33.268s][info][gc,task     ] GC(91) Using 8 workers of 8 for evacuation
[33.269s][info][gc,phases   ] GC(91)   Pre Evacuate Collection Set: 0.3ms
[33.269s][info][gc,phases   ] GC(91)   Merge Heap Roots: 0.1ms
[33.269s][info][gc,phases   ] GC(91)   Evacuate Collection Set: 0.1ms
[33.269s][info][gc,phases   ] GC(91)   Post Evacuate Collection Set: 0.4ms
[33.269s][info][gc,phases   ] GC(91)   Other: 0.2ms
[33.269s][info][gc,heap     ] GC(91) Eden regions: 75->0(75)
[33.269s][info][gc,heap     ] GC(91) Survivor regions: 1->1(10)
[33.269s][info][gc,heap     ] GC(91) Old regions: 3->3
[33.269s][info][gc,heap     ] GC(91) Archive regions: 0->0
[33.269s][info][gc,heap     ] GC(91) Humongous regions: 0->0
[33.269s][info][gc,metaspace] GC(91) Metaspace: 8563K(8768K)->8563K(8768K) NonClass: 7676K(7808K)->7676K(7808K) Class: 886K(960K)->886K(960K)
[33.269s][info][gc          ] GC(91) Pause Young (Normal) (G1 Evacuation Pause) 311M->11M(512M) 1.514ms
[33.269s][info][gc,cpu      ] GC(91) User=0.00s Sys=0.00s Real=0.00s
[33.628s][info][gc,start    ] GC(92) Pause Young (Normal) (G1 Evacuation Pause)
[33.628s][info][gc,task     ] GC(92) Using 8 workers of 8 for evacuation
[33.629s][info][gc,phases   ] GC(92)   Pre Evacuate Collection Set: 0.1ms
[33.629s][info][gc,phases   ] GC(92)   Merge Heap Roots: 0.1ms
[33.629s][info][gc,phases   ] GC(92)   Evacuate Collection Set: 0.2ms
[33.629s][info][gc,phases   ] GC(92)   Post Evacuate Collection Set: 0.6ms
[33.629s][info][gc,phases   ] GC(92)   Other: 0.2ms
[33.629s][info][gc,heap     ] GC(92) Eden regions: 75->0(75)
[33.629s][info][gc,heap     ] GC(92) Survivor regions: 1->1(10)
[33.629s][info][gc,heap     ] GC(92) Old regions: 3->3
[33.629s][info][gc,heap     ] GC(92) Archive regions: 0->0
[33.629s][info][gc,heap     ] GC(92) Humongous regions: 0->0
[33.629s][info][gc,metaspace] GC(92) Metaspace: 8563K(8768K)->8563K(8768K) NonClass: 7676K(7808K)->7676K(7808K) Class: 886K(960K)->886K(960K)
[33.629s][info][gc          ] GC(92) Pause Young (Normal) (G1 Evacuation Pause) 311M->11M(512M) 1.532ms
[33.629s][info][gc,cpu      ] GC(92) User=0.00s Sys=0.00s Real=0.00s
[33.977s][info][gc,start    ] GC(93) Pause Young (Normal) (G1 Evacuation Pause)
[33.977s][info][gc,task     ] GC(93) Using 8 workers of 8 for evacuation
[33.978s][info][gc,phases   ] GC(93)   Pre Evacuate Collection Set: 0.2ms
[33.978s][info][gc,phases   ] GC(93)   Merge Heap Roots: 0.2ms
[33.978s][info][gc,phases   ] GC(93)   Evacuate Collection Set: 0.3ms
[33.978s][info][gc,phases   ] GC(93)   Post Evacuate Collection Set: 0.4ms
[33.978s][info][gc,phases   ] GC(93)   Other: 0.2ms
[33.978s][info][gc,heap     ] GC(93) Eden regions: 75->0(75)
[33.979s][info][gc,heap     ] GC(93) Survivor regions: 1->1(10)
[33.979s][info][gc,heap     ] GC(93) Old regions: 3->3
[33.979s][info][gc,heap     ] GC(93) Archive regions: 0->0
[33.979s][info][gc,heap     ] GC(93) Humongous regions: 0->0
[33.979s][info][gc,metaspace] GC(93) Metaspace: 8565K(8768K)->8565K(8768K) NonClass: 7678K(7808K)->7678K(7808K) Class: 886K(960K)->886K(960K)
[33.979s][info][gc          ] GC(93) Pause Young (Normal) (G1 Evacuation Pause) 311M->11M(512M) 1.548ms
[33.979s][info][gc,cpu      ] GC(93) User=0.00s Sys=0.00s Real=0.00s
[34.336s][info][gc,start    ] GC(94) Pause Young (Normal) (G1 Evacuation Pause)
[34.336s][info][gc,task     ] GC(94) Using 8 workers of 8 for evacuation
[34.337s][info][gc,phases   ] GC(94)   Pre Evacuate Collection Set: 0.1ms
[34.337s][info][gc,phases   ] GC(94)   Merge Heap Roots: 0.1ms
[34.337s][info][gc,phases   ] GC(94)   Evacuate Collection Set: 0.1ms
[34.337s][info][gc,phases   ] GC(94)   Post Evacuate Collection Set: 0.4ms
[34.337s][info][gc,phases   ] GC(94)   Other: 0.2ms
[34.337s][info][gc,heap     ] GC(94) Eden regions: 75->0(75)
[34.337s][info][gc,heap     ] GC(94) Survivor regions: 1->1(10)
[34.337s][info][gc,heap     ] GC(94) Old regions: 3->3
[34.337s][info][gc,heap     ] GC(94) Archive regions: 0->0
[34.337s][info][gc,heap     ] GC(94) Humongous regions: 0->0
[34.337s][info][gc,metaspace] GC(94) Metaspace: 8565K(8768K)->8565K(8768K) NonClass: 7678K(7808K)->7678K(7808K) Class: 886K(960K)->886K(960K)
[34.337s][info][gc          ] GC(94) Pause Young (Normal) (G1 Evacuation Pause) 311M->11M(512M) 1.280ms
[34.337s][info][gc,cpu      ] GC(94) User=0.00s Sys=0.00s Real=0.00s
[34.710s][info][gc,start    ] GC(95) Pause Young (Normal) (G1 Evacuation Pause)
[34.710s][info][gc,task     ] GC(95) Using 8 workers of 8 for evacuation
[34.711s][info][gc,phases   ] GC(95)   Pre Evacuate Collection Set: 0.1ms
[34.711s][info][gc,phases   ] GC(95)   Merge Heap Roots: 0.1ms
[34.711s][info][gc,phases   ] GC(95)   Evacuate Collection Set: 0.2ms
[34.711s][info][gc,phases   ] GC(95)   Post Evacuate Collection Set: 0.3ms
[34.711s][info][gc,phases   ] GC(95)   Other: 0.2ms
[34.711s][info][gc,heap     ] GC(95) Eden regions: 75->0(75)
[34.711s][info][gc,heap     ] GC(95) Survivor regions: 1->1(10)
[34.711s][info][gc,heap     ] GC(95) Old regions: 3->3
[34.711s][info][gc,heap     ] GC(95) Archive regions: 0->0
[34.711s][info][gc,heap     ] GC(95) Humongous regions: 0->0
[34.711s][info][gc,metaspace] GC(95) Metaspace: 8565K(8768K)->8565K(8768K) NonClass: 7678K(7808K)->7678K(7808K) Class: 886K(960K)->886K(960K)
[34.711s][info][gc          ] GC(95) Pause Young (Normal) (G1 Evacuation Pause) 311M->11M(512M) 1.246ms
[34.711s][info][gc,cpu      ] GC(95) User=0.02s Sys=0.00s Real=0.00s
[35.089s][info][gc,start    ] GC(96) Pause Young (Normal) (G1 Evacuation Pause)
[35.089s][info][gc,task     ] GC(96) Using 8 workers of 8 for evacuation
[35.089s][info][gc,phases   ] GC(96)   Pre Evacuate Collection Set: 0.1ms
[35.090s][info][gc,phases   ] GC(96)   Merge Heap Roots: 0.1ms
[35.090s][info][gc,phases   ] GC(96)   Evacuate Collection Set: 0.2ms
[35.090s][info][gc,phases   ] GC(96)   Post Evacuate Collection Set: 0.3ms
[35.090s][info][gc,phases   ] GC(96)   Other: 0.2ms
[35.090s][info][gc,heap     ] GC(96) Eden regions: 75->0(75)
[35.090s][info][gc,heap     ] GC(96) Survivor regions: 1->1(10)
[35.090s][info][gc,heap     ] GC(96) Old regions: 3->3
[35.090s][info][gc,heap     ] GC(96) Archive regions: 0->0
[35.090s][info][gc,heap     ] GC(96) Humongous regions: 0->0
[35.090s][info][gc,metaspace] GC(96) Metaspace: 8566K(8768K)->8566K(8768K) NonClass: 7680K(7808K)->7680K(7808K) Class: 886K(960K)->886K(960K)
[35.090s][info][gc          ] GC(96) Pause Young (Normal) (G1 Evacuation Pause) 311M->11M(512M) 1.184ms
[35.090s][info][gc,cpu      ] GC(96) User=0.00s Sys=0.00s Real=0.00s
[35.567s][info][gc,start    ] GC(97) Pause Young (Normal) (G1 Evacuation Pause)
[35.567s][info][gc,task     ] GC(97) Using 8 workers of 8 for evacuation
[35.568s][info][gc,phases   ] GC(97)   Pre Evacuate Collection Set: 0.1ms
[35.568s][info][gc,phases   ] GC(97)   Merge Heap Roots: 0.2ms
[35.568s][info][gc,phases   ] GC(97)   Evacuate Collection Set: 0.1ms
[35.568s][info][gc,phases   ] GC(97)   Post Evacuate Collection Set: 0.6ms
[35.568s][info][gc,phases   ] GC(97)   Other: 0.2ms
[35.568s][info][gc,heap     ] GC(97) Eden regions: 75->0(75)
[35.568s][info][gc,heap     ] GC(97) Survivor regions: 1->1(10)
[35.568s][info][gc,heap     ] GC(97) Old regions: 3->3
[35.568s][info][gc,heap     ] GC(97) Archive regions: 0->0
[35.568s][info][gc,heap     ] GC(97) Humongous regions: 0->0
[35.568s][info][gc,metaspace] GC(97) Metaspace: 8566K(8768K)->8566K(8768K) NonClass: 7680K(7808K)->7680K(7808K) Class: 886K(960K)->886K(960K)
[35.569s][info][gc          ] GC(97) Pause Young (Normal) (G1 Evacuation Pause) 311M->11M(512M) 1.506ms
[35.569s][info][gc,cpu      ] GC(97) User=0.00s Sys=0.00s Real=0.00s
[36.022s][info][gc,start    ] GC(98) Pause Young (Normal) (G1 Evacuation Pause)
[36.022s][info][gc,task     ] GC(98) Using 8 workers of 8 for evacuation
[36.023s][info][gc,phases   ] GC(98)   Pre Evacuate Collection Set: 0.1ms
[36.023s][info][gc,phases   ] GC(98)   Merge Heap Roots: 0.2ms
[36.023s][info][gc,phases   ] GC(98)   Evacuate Collection Set: 0.1ms
[36.023s][info][gc,phases   ] GC(98)   Post Evacuate Collection Set: 0.5ms
[36.023s][info][gc,phases   ] GC(98)   Other: 0.2ms
[36.023s][info][gc,heap     ] GC(98) Eden regions: 75->0(75)
[36.023s][info][gc,heap     ] GC(98) Survivor regions: 1->1(10)
[36.023s][info][gc,heap     ] GC(98) Old regions: 3->3
[36.023s][info][gc,heap     ] GC(98) Archive regions: 0->0
[36.023s][info][gc,heap     ] GC(98) Humongous regions: 0->0
[36.023s][info][gc,metaspace] GC(98) Metaspace: 8568K(8768K)->8568K(8768K) NonClass: 7681K(7808K)->7681K(7808K) Class: 886K(960K)->886K(960K)
[36.023s][info][gc          ] GC(98) Pause Young (Normal) (G1 Evacuation Pause) 311M->11M(512M) 1.575ms
[36.023s][info][gc,cpu      ] GC(98) User=0.09s Sys=0.00s Real=0.00s
[36.398s][info][gc,start    ] GC(99) Pause Young (Normal) (GCLocker Initiated GC)
[36.398s][info][gc,task     ] GC(99) Using 8 workers of 8 for evacuation
[36.400s][info][gc,phases   ] GC(99)   Pre Evacuate Collection Set: 0.0ms
[36.400s][info][gc,phases   ] GC(99)   Merge Heap Roots: 0.1ms
[36.400s][info][gc,phases   ] GC(99)   Evacuate Collection Set: 1.6ms
[36.400s][info][gc,phases   ] GC(99)   Post Evacuate Collection Set: 0.3ms
[36.400s][info][gc,phases   ] GC(99)   Other: 0.3ms
[36.400s][info][gc,heap     ] GC(99) Eden regions: 76->0(75)
[36.401s][info][gc,heap     ] GC(99) Survivor regions: 1->1(10)
[36.401s][info][gc,heap     ] GC(99) Old regions: 3->3
[36.401s][info][gc,heap     ] GC(99) Archive regions: 0->0
[36.401s][info][gc,heap     ] GC(99) Humongous regions: 0->0
[36.401s][info][gc,metaspace] GC(99) Metaspace: 8568K(8768K)->8568K(8768K) NonClass: 7681K(7808K)->7681K(7808K) Class: 886K(960K)->886K(960K)
[36.401s][info][gc          ] GC(99) Pause Young (Normal) (GCLocker Initiated GC) 311M->14M(512M) 2.538ms
[36.401s][info][gc,cpu      ] GC(99) User=0.00s Sys=0.00s Real=0.00s
[36.816s][info][gc,start    ] GC(100) Pause Young (Normal) (G1 Evacuation Pause)
[36.816s][info][gc,task     ] GC(100) Using 8 workers of 8 for evacuation
[36.816s][info][gc,phases   ] GC(100)   Pre Evacuate Collection Set: 0.0ms
[36.816s][info][gc,phases   ] GC(100)   Merge Heap Roots: 0.1ms
[36.816s][info][gc,phases   ] GC(100)   Evacuate Collection Set: 0.1ms
[36.816s][info][gc,phases   ] GC(100)   Post Evacuate Collection Set: 0.3ms
[36.816s][info][gc,phases   ] GC(100)   Other: 0.1ms
[36.816s][info][gc,heap     ] GC(100) Eden regions: 75->0(75)
[36.816s][info][gc,heap     ] GC(100) Survivor regions: 1->1(10)
[36.817s][info][gc,heap     ] GC(100) Old regions: 3->3
[36.817s][info][gc,heap     ] GC(100) Archive regions: 0->0
[36.817s][info][gc,heap     ] GC(100) Humongous regions: 0->0
[36.817s][info][gc,metaspace] GC(100) Metaspace: 8578K(8768K)->8578K(8768K) NonClass: 7692K(7808K)->7692K(7808K) Class: 886K(960K)->886K(960K)
[36.817s][info][gc          ] GC(100) Pause Young (Normal) (G1 Evacuation Pause) 314M->11M(512M) 0.946ms
[36.817s][info][gc,cpu      ] GC(100) User=0.00s Sys=0.00s Real=0.00s
[36.965s][info][gc,heap,exit] Heap
[36.965s][info][gc,heap,exit]  garbage-first heap   total 524288K, used 106045K [0x0000000601c00000, 0x0000000800000000)
[36.965s][info][gc,heap,exit]   region size 4096K, 24 young (98304K), 1 survivors (4096K)
[36.965s][info][gc,heap,exit]  Metaspace       used 8587K, committed 8768K, reserved 1056768K
[36.965s][info][gc,heap,exit]   class space    used 888K, committed 960K, reserved 1048576K
